Component: ARM Compiler 5.06 update 7 (build 960) Tool: armlink [4d3601]

==============================================================================

Section Cross References

    main.o(i.main) refers to systick.o(i.SysTick_Init) for SysTick_Init
    main.o(i.main) refers to misc.o(i.NVIC_PriorityGroupConfig) for NVIC_PriorityGroupConfig
    main.o(i.main) refers to led.o(i.LED_Init) for LED_Init
    main.o(i.main) refers to usart.o(i.USART1_Init) for USART1_Init
    main.o(i.main) refers to printfa.o(i.__0printf) for __2printf
    main.o(i.main) refers to embeddedflash_port.o(i.flash_port_init) for flash_port_init
    main.o(i.main) refers to embeddedflash_port.o(i.flash_port_test) for flash_port_test
    main.o(i.main) refers to embedded_flash_demo_tests.o(i.InitSysTick) for InitSysTick
    main.o(i.main) refers to embeddedflash_port.o(i.flash_port_erase) for flash_port_erase
    main.o(i.main) refers to embedded_flash_demo_tests.o(i.embedded_flash_demo_run_full) for embedded_flash_demo_run_full
    main.o(i.main) refers to systick.o(i.delay_ms) for delay_ms
    main.o(i.main) refers to embeddedflash.o(i.embedded_flash_print_erase_stats) for embedded_flash_print_erase_stats
    segger_rtt.o(i.SEGGER_RTT_AllocDownBuffer) refers to segger_rtt.o(i._DoInit) for _DoInit
    segger_rtt.o(i.SEGGER_RTT_AllocDownBuffer) refers to segger_rtt.o(.bss) for _SEGGER_RTT
    segger_rtt.o(i.SEGGER_RTT_AllocUpBuffer) refers to segger_rtt.o(i._DoInit) for _DoInit
    segger_rtt.o(i.SEGGER_RTT_AllocUpBuffer) refers to segger_rtt.o(.bss) for _SEGGER_RTT
    segger_rtt.o(i.SEGGER_RTT_ConfigDownBuffer) refers to segger_rtt.o(i._DoInit) for _DoInit
    segger_rtt.o(i.SEGGER_RTT_ConfigDownBuffer) refers to segger_rtt.o(.bss) for _SEGGER_RTT
    segger_rtt.o(i.SEGGER_RTT_ConfigUpBuffer) refers to segger_rtt.o(i._DoInit) for _DoInit
    segger_rtt.o(i.SEGGER_RTT_ConfigUpBuffer) refers to segger_rtt.o(.bss) for _SEGGER_RTT
    segger_rtt.o(i.SEGGER_RTT_GetAvailWriteSpace) refers to segger_rtt.o(i._GetAvailWriteSpace) for _GetAvailWriteSpace
    segger_rtt.o(i.SEGGER_RTT_GetAvailWriteSpace) refers to segger_rtt.o(.bss) for _SEGGER_RTT
    segger_rtt.o(i.SEGGER_RTT_GetBytesInBuffer) refers to segger_rtt.o(.bss) for _SEGGER_RTT
    segger_rtt.o(i.SEGGER_RTT_GetKey) refers to segger_rtt.o(i.SEGGER_RTT_Read) for SEGGER_RTT_Read
    segger_rtt.o(i.SEGGER_RTT_HasData) refers to segger_rtt.o(.bss) for _SEGGER_RTT
    segger_rtt.o(i.SEGGER_RTT_HasDataUp) refers to segger_rtt.o(.bss) for _SEGGER_RTT
    segger_rtt.o(i.SEGGER_RTT_HasKey) refers to segger_rtt.o(i._DoInit) for _DoInit
    segger_rtt.o(i.SEGGER_RTT_HasKey) refers to segger_rtt.o(.bss) for _SEGGER_RTT
    segger_rtt.o(i.SEGGER_RTT_Init) refers to segger_rtt.o(i._DoInit) for _DoInit
    segger_rtt.o(i.SEGGER_RTT_PutChar) refers to segger_rtt.o(i._DoInit) for _DoInit
    segger_rtt.o(i.SEGGER_RTT_PutChar) refers to segger_rtt.o(.bss) for _SEGGER_RTT
    segger_rtt.o(i.SEGGER_RTT_PutCharSkip) refers to segger_rtt.o(i._DoInit) for _DoInit
    segger_rtt.o(i.SEGGER_RTT_PutCharSkip) refers to segger_rtt.o(.bss) for _SEGGER_RTT
    segger_rtt.o(i.SEGGER_RTT_PutCharSkipNoLock) refers to segger_rtt.o(.bss) for _SEGGER_RTT
    segger_rtt.o(i.SEGGER_RTT_Read) refers to segger_rtt.o(i.SEGGER_RTT_ReadNoLock) for SEGGER_RTT_ReadNoLock
    segger_rtt.o(i.SEGGER_RTT_ReadNoLock) refers to segger_rtt.o(i._DoInit) for _DoInit
    segger_rtt.o(i.SEGGER_RTT_ReadNoLock) refers to memcpya.o(.text) for __aeabi_memcpy
    segger_rtt.o(i.SEGGER_RTT_ReadNoLock) refers to segger_rtt.o(.bss) for _SEGGER_RTT
    segger_rtt.o(i.SEGGER_RTT_ReadUpBuffer) refers to segger_rtt.o(i.SEGGER_RTT_ReadUpBufferNoLock) for SEGGER_RTT_ReadUpBufferNoLock
    segger_rtt.o(i.SEGGER_RTT_ReadUpBufferNoLock) refers to segger_rtt.o(i._DoInit) for _DoInit
    segger_rtt.o(i.SEGGER_RTT_ReadUpBufferNoLock) refers to memcpya.o(.text) for __aeabi_memcpy
    segger_rtt.o(i.SEGGER_RTT_ReadUpBufferNoLock) refers to segger_rtt.o(.bss) for _SEGGER_RTT
    segger_rtt.o(i.SEGGER_RTT_SetFlagsDownBuffer) refers to segger_rtt.o(i._DoInit) for _DoInit
    segger_rtt.o(i.SEGGER_RTT_SetFlagsDownBuffer) refers to segger_rtt.o(.bss) for _SEGGER_RTT
    segger_rtt.o(i.SEGGER_RTT_SetFlagsUpBuffer) refers to segger_rtt.o(i._DoInit) for _DoInit
    segger_rtt.o(i.SEGGER_RTT_SetFlagsUpBuffer) refers to segger_rtt.o(.bss) for _SEGGER_RTT
    segger_rtt.o(i.SEGGER_RTT_SetNameDownBuffer) refers to segger_rtt.o(i._DoInit) for _DoInit
    segger_rtt.o(i.SEGGER_RTT_SetNameDownBuffer) refers to segger_rtt.o(.bss) for _SEGGER_RTT
    segger_rtt.o(i.SEGGER_RTT_SetNameUpBuffer) refers to segger_rtt.o(i._DoInit) for _DoInit
    segger_rtt.o(i.SEGGER_RTT_SetNameUpBuffer) refers to segger_rtt.o(.bss) for _SEGGER_RTT
    segger_rtt.o(i.SEGGER_RTT_SetTerminal) refers to segger_rtt.o(i._DoInit) for _DoInit
    segger_rtt.o(i.SEGGER_RTT_SetTerminal) refers to segger_rtt.o(i._WriteBlocking) for _WriteBlocking
[...]
    Removing stm32f10x_spi.o(i.I2S_Cmd), (24 bytes).
    Removing stm32f10x_spi.o(i.I2S_Init), (232 bytes).
    Removing stm32f10x_spi.o(i.I2S_StructInit), (20 bytes).
    Removing stm32f10x_spi.o(i.SPI_BiDirectionalLineConfig), (28 bytes).
    Removing stm32f10x_spi.o(i.SPI_CalculateCRC), (24 bytes).
    Removing stm32f10x_spi.o(i.SPI_Cmd), (24 bytes).
    Removing stm32f10x_spi.o(i.SPI_DataSizeConfig), (18 bytes).
    Removing stm32f10x_spi.o(i.SPI_GetCRC), (16 bytes).
    Removing stm32f10x_spi.o(i.SPI_GetCRCPolynomial), (6 bytes).
    Removing stm32f10x_spi.o(i.SPI_I2S_ClearFlag), (6 bytes).
    Removing stm32f10x_spi.o(i.SPI_I2S_ClearITPendingBit), (20 bytes).
    Removing stm32f10x_spi.o(i.SPI_I2S_DMACmd), (18 bytes).
    Removing stm32f10x_spi.o(i.SPI_I2S_DeInit), (88 bytes).
    Removing stm32f10x_spi.o(i.SPI_I2S_GetFlagStatus), (18 bytes).
    Removing stm32f10x_spi.o(i.SPI_I2S_GetITStatus), (52 bytes).
    Removing stm32f10x_spi.o(i.SPI_I2S_ITConfig), (32 bytes).
    Removing stm32f10x_spi.o(i.SPI_I2S_ReceiveData), (6 bytes).
    Removing stm32f10x_spi.o(i.SPI_I2S_SendData), (4 bytes).
    Removing stm32f10x_spi.o(i.SPI_Init), (60 bytes).
    Removing stm32f10x_spi.o(i.SPI_NSSInternalSoftwareConfig), (30 bytes).
    Removing stm32f10x_spi.o(i.SPI_SSOutputCmd), (24 bytes).
    Removing stm32f10x_spi.o(i.SPI_StructInit), (24 bytes).
    Removing stm32f10x_spi.o(i.SPI_TransmitCRC), (10 bytes).
    Removing stm32f10x_wwdg.o(i.WWDG_ClearFlag), (12 bytes).
    Removing stm32f10x_wwdg.o(i.WWDG_DeInit), (22 bytes).
    Removing stm32f10x_wwdg.o(i.WWDG_Enable), (16 bytes).
    Removing stm32f10x_wwdg.o(i.WWDG_EnableIT), (12 bytes).
    Removing stm32f10x_wwdg.o(i.WWDG_GetFlagStatus), (12 bytes).
    Removing stm32f10x_wwdg.o(i.WWDG_SetCounter), (16 bytes).
    Removing stm32f10x_wwdg.o(i.WWDG_SetPrescaler), (24 bytes).
    Removing stm32f10x_wwdg.o(i.WWDG_SetWindowValue), (40 bytes).
    Removing system_stm32f10x.o(i.SystemCoreClockUpdate), (164 bytes).
    Removing core_cm3.o(.emb_text), (32 bytes).
    Removing systick.o(i.delay_us), (76 bytes).
    Removing embeddedflash.o(i.embedded_flash_delete), (164 bytes).
    Removing embeddedflash.o(i.embedded_flash_get_erase_stats), (28 bytes).
    Removing embeddedflash.o(i.embedded_flash_reset_erase_stats), (16 bytes).
    Removing embeddedflash_port.o(i.flash_port_lock), (4 bytes).
    Removing embeddedflash_port.o(i.flash_port_unlock), (4 bytes).

502 unused section(s) (total 26825 bytes) removed from the image.

==============================================================================

Image Symbol Table

    Local Symbols

    Symbol Name                              Value     Ov Type        Size  Object(Section)

    ../clib/../cmprslib/zerorunl2.c          0x00000000   Number         0  __dczerorl2.o ABSOLUTE
    ../clib/microlib/division.c              0x00000000   Number         0  uldiv.o ABSOLUTE
    ../clib/microlib/division.c              0x00000000   Number         0  uidiv.o ABSOLUTE
    ../clib/microlib/init/entry.s            0x00000000   Number         0  entry7b.o ABSOLUTE
    ../clib/microlib/init/entry.s            0x00000000   Number         0  entry7a.o ABSOLUTE
    ../clib/microlib/init/entry.s            0x00000000   Number         0  entry2.o ABSOLUTE
    ../clib/microlib/init/entry.s            0x00000000   Number         0  entry12b.o ABSOLUTE
    ../clib/microlib/init/entry.s            0x00000000   Number         0  entry12a.o ABSOLUTE
    ../clib/microlib/init/entry.s            0x00000000   Number         0  entry11a.o ABSOLUTE
    ../clib/microlib/init/entry.s            0x00000000   Number         0  entry10a.o ABSOLUTE
    ../clib/microlib/init/entry.s            0x00000000   Number         0  entry9b.o ABSOLUTE
    ../clib/microlib/init/entry.s            0x00000000   Number         0  entry5.o ABSOLUTE
    ../clib/microlib/init/entry.s            0x00000000   Number         0  entry11b.o ABSOLUTE
    ../clib/microlib/init/entry.s            0x00000000   Number         0  entry9a.o ABSOLUTE
    ../clib/microlib/init/entry.s            0x00000000   Number         0  entry8b.o ABSOLUTE
    ../clib/microlib/init/entry.s            0x00000000   Number         0  entry8a.o ABSOLUTE
    ../clib/microlib/init/entry.s            0x00000000   Number         0  entry10b.o ABSOLUTE
    ../clib/microlib/init/entry.s            0x00000000   Number         0  entry.o ABSOLUTE
    ../clib/microlib/longlong.c              0x00000000   Number         0  llushr.o ABSOLUTE
    ../clib/microlib/longlong.c              0x00000000   Number         0  llshl.o ABSOLUTE
    ../clib/microlib/longlong.c              0x00000000   Number         0  llsshr.o ABSOLUTE
    ../clib/microlib/printf/printf.c         0x00000000   Number         0  printfb.o ABSOLUTE
    ../clib/microlib/printf/printf.c         0x00000000   Number         0  printf7.o ABSOLUTE
    ../clib/microlib/printf/printf.c         0x00000000   Number         0  printf8.o ABSOLUTE
    ../clib/microlib/printf/printf.c         0x00000000   Number         0  printfa.o ABSOLUTE
    ../clib/microlib/printf/printf.c         0x00000000   Number         0  printf6.o ABSOLUTE
    ../clib/microlib/printf/printf.c         0x00000000   Number         0  printf2.o ABSOLUTE
    ../clib/microlib/printf/printf.c         0x00000000   Number         0  printf1.o ABSOLUTE
    ../clib/microlib/printf/printf.c         0x00000000   Number         0  printf0.o ABSOLUTE
    ../clib/microlib/printf/printf.c         0x00000000   Number         0  printf3.o ABSOLUTE
    ../clib/microlib/printf/printf.c         0x00000000   Number         0  printf4.o ABSOLUTE
    ../clib/microlib/printf/printf.c         0x00000000   Number         0  printf5.o ABSOLUTE
    ../clib/microlib/printf/stubs.s          0x00000000   Number         0  stubs.o ABSOLUTE
    ../clib/microlib/stdio/streams.c         0x00000000   Number         0  stdout.o ABSOLUTE
    ../clib/microlib/string/memcmp.c         0x00000000   Number         0  memcmp.o ABSOLUTE
    ../clib/microlib/string/memcpy.c         0x00000000   Number         0  memcpya.o ABSOLUTE
    ../clib/microlib/string/memcpy.c         0x00000000   Number         0  memcpyb.o ABSOLUTE
    ../clib/microlib/string/memset.c         0x00000000   Number         0  memseta.o ABSOLUTE
    ../clib/microlib/string/strcmp.c         0x00000000   Number         0  strcmp.o ABSOLUTE
    ../clib/microlib/string/strlen.c         0x00000000   Number         0  strlen.o ABSOLUTE
    ../clib/microlib/stubs.s                 0x00000000   Number         0  iusefp.o ABSOLUTE
    ../fplib/microlib/f2d.c                  0x00000000   Number         0  f2d.o ABSOLUTE
    ../fplib/microlib/fpadd.c                0x00000000   Number         0  fadd.o ABSOLUTE
    ../fplib/microlib/fpadd.c                0x00000000   Number         0  dadd.o ABSOLUTE
    ../fplib/microlib/fpdiv.c                0x00000000   Number         0  ddiv.o ABSOLUTE
    ../fplib/microlib/fpdiv.c                0x00000000   Number         0  fdiv.o ABSOLUTE
    ../fplib/microlib/fpepilogue.c           0x00000000   Number         0  depilogue.o ABSOLUTE
    ../fplib/microlib/fpepilogue.c           0x00000000   Number         0  fepilogue.o ABSOLUTE
    ../fplib/microlib/fpfix.c                0x00000000   Number         0  dfixul.o ABSOLUTE
    ../fplib/microlib/fpflt.c                0x00000000   Number         0  ffltui.o ABSOLUTE
    ../fplib/microlib/fpflt.c                0x00000000   Number         0  fflti.o ABSOLUTE
    ../fplib/microlib/fpmul.c                0x00000000   Number         0  dmul.o ABSOLUTE
    ../fplib/microlib/fpmul.c                0x00000000   Number         0  fmul.o ABSOLUTE
    APP\SEGGER\SEGGER_RTT.c                  0x00000000   Number         0  segger_rtt.o ABSOLUTE
    APP\SEGGER\SEGGER_RTT_printf.c           0x00000000   Number         0  segger_rtt_printf.o ABSOLUTE
    APP\flash\EmbeddedFlash.c                0x00000000   Number         0  embeddedflash.o ABSOLUTE
    APP\flash\EmbeddedFlash_port.c           0x00000000   Number         0  embeddedflash_port.o ABSOLUTE
    APP\flash\embedded_flash_demo_tests.c    0x00000000   Number         0  embedded_flash_demo_tests.o ABSOLUTE
    APP\led\led.c                            0x00000000   Number         0  led.o ABSOLUTE
    Libraries\CMSIS\core_cm3.c               0x00000000   Number         0  core_cm3.o ABSOLUTE
    Libraries\CMSIS\startup_stm32f10x_hd.s   0x00000000   Number         0  startup_stm32f10x_hd.o ABSOLUTE
    Libraries\CMSIS\system_stm32f10x.c       0x00000000   Number         0  system_stm32f10x.o ABSOLUTE
    Libraries\STM32F10x_StdPeriph_Driver\src\misc.c 0x00000000   Number         0  misc.o ABSOLUTE
    Libraries\STM32F10x_StdPeriph_Driver\src\stm32f10x_adc.c 0x00000000   Number         0  stm32f10x_adc.o ABSOLUTE
    Libraries\STM32F10x_StdPeriph_Driver\src\stm32f10x_bkp.c 0x00000000   Number         0  stm32f10x_bkp.o ABSOLUTE
    Libraries\STM32F10x_StdPeriph_Driver\src\stm32f10x_can.c 0x00000000   Number         0  stm32f10x_can.o ABSOLUTE
    Libraries\STM32F10x_StdPeriph_Driver\src\stm32f10x_cec.c 0x00000000   Number         0  stm32f10x_cec.o ABSOLUTE
    Libraries\STM32F10x_StdPeriph_Driver\src\stm32f10x_crc.c 0x00000000   Number         0  stm32f10x_crc.o ABSOLUTE
    Libraries\STM32F10x_StdPeriph_Driver\src\stm32f10x_dac.c 0x00000000   Number         0  stm32f10x_dac.o ABSOLUTE
    Libraries\STM32F10x_StdPeriph_Driver\src\stm32f10x_dbgmcu.c 0x00000000   Number         0  stm32f10x_dbgmcu.o ABSOLUTE
    Libraries\STM32F10x_StdPeriph_Driver\src\stm32f10x_dma.c 0x00000000   Number         0  stm32f10x_dma.o ABSOLUTE
    Libraries\STM32F10x_StdPeriph_Driver\src\stm32f10x_exti.c 0x00000000   Number         0  stm32f10x_exti.o ABSOLUTE
    Libraries\STM32F10x_StdPeriph_Driver\src\stm32f10x_flash.c 0x00000000   Number         0  stm32f10x_flash.o ABSOLUTE
    Libraries\STM32F10x_StdPeriph_Driver\src\stm32f10x_fsmc.c 0x00000000   Number         0  stm32f10x_fsmc.o ABSOLUTE
    Libraries\STM32F10x_StdPeriph_Driver\src\stm32f10x_gpio.c 0x00000000   Number         0  stm32f10x_gpio.o ABSOLUTE
    Libraries\STM32F10x_StdPeriph_Driver\src\stm32f10x_i2c.c 0x00000000   Number         0  stm32f10x_i2c.o ABSOLUTE
    Libraries\STM32F10x_StdPeriph_Driver\src\stm32f10x_iwdg.c 0x00000000   Number         0  stm32f10x_iwdg.o ABSOLUTE
    Libraries\STM32F10x_StdPeriph_Driver\src\stm32f10x_pwr.c 0x00000000   Number         0  stm32f10x_pwr.o ABSOLUTE
    Libraries\STM32F10x_StdPeriph_Driver\src\stm32f10x_rcc.c 0x00000000   Number         0  stm32f10x_rcc.o ABSOLUTE
    Libraries\STM32F10x_StdPeriph_Driver\src\stm32f10x_rtc.c 0x00000000   Number         0  stm32f10x_rtc.o ABSOLUTE
    Libraries\STM32F10x_StdPeriph_Driver\src\stm32f10x_sdio.c 0x00000000   Number         0  stm32f10x_sdio.o ABSOLUTE
    Libraries\STM32F10x_StdPeriph_Driver\src\stm32f10x_spi.c 0x00000000   Number         0  stm32f10x_spi.o ABSOLUTE
    Libraries\STM32F10x_StdPeriph_Driver\src\stm32f10x_tim.c 0x00000000   Number         0  stm32f10x_tim.o ABSOLUTE
    Libraries\STM32F10x_StdPeriph_Driver\src\stm32f10x_usart.c 0x00000000   Number         0  stm32f10x_usart.o ABSOLUTE
    Libraries\STM32F10x_StdPeriph_Driver\src\stm32f10x_wwdg.c 0x00000000   Number         0  stm32f10x_wwdg.o ABSOLUTE
    Libraries\\CMSIS\\core_cm3.c             0x00000000   Number         0  core_cm3.o ABSOLUTE
    Public\SysTick.c                         0x00000000   Number         0  systick.o ABSOLUTE
    Public\system.c                          0x00000000   Number         0  system.o ABSOLUTE
    Public\usart.c                           0x00000000   Number         0  usart.o ABSOLUTE
    User\main.c                              0x00000000   Number         0  main.o ABSOLUTE
    User\stm32f10x_it.c                      0x00000000   Number         0  stm32f10x_it.o ABSOLUTE
    cdrcmple.s                               0x00000000   Number         0  cdrcmple.o ABSOLUTE
    cfcmple.s                                0x00000000   Number         0  cfcmple.o ABSOLUTE
    cfrcmple.s                               0x00000000   Number         0  cfrcmple.o ABSOLUTE
    dc.s                                     0x00000000   Number         0  dc.o ABSOLUTE
    handlers.s                               0x00000000   Number         0  handlers.o ABSOLUTE
    init.s                                   0x00000000   Number         0  init.o ABSOLUTE
    RESET                                    0x08000000   Section      304  startup_stm32f10x_hd.o(RESET)
    .ARM.Collect$$$$00000000                 0x08000130   Section        0  entry.o(.ARM.Collect$$$$00000000)
    .ARM.Collect$$$$00000001                 0x08000130   Section        4  entry2.o(.ARM.Collect$$$$00000001)
    .ARM.Collect$$$$00000004                 0x08000134   Section        4  entry5.o(.ARM.Collect$$$$00000004)
    .ARM.Collect$$$$00000008                 0x08000138   Section        0  entry7b.o(.ARM.Collect$$$$00000008)
    .ARM.Collect$$$$0000000A                 0x08000138   Section        0  entry8b.o(.ARM.Collect$$$$0000000A)
    .ARM.Collect$$$$0000000B                 0x08000138   Section        8  entry9a.o(.ARM.Collect$$$$0000000B)
    .ARM.Collect$$$$0000000E                 0x08000140   Section        4  entry12b.o(.ARM.Collect$$$$0000000E)
    .ARM.Collect$$$$0000000F                 0x08000144   Section        0  entry10a.o(.ARM.Collect$$$$0000000F)
    .ARM.Collect$$$$00000011                 0x08000144   Section        0  entry11a.o(.ARM.Collect$$$$00000011)
    .ARM.Collect$$$$00002712                 0x08000144   Section        4  entry2.o(.ARM.Collect$$$$00002712)
    __lit__00000000                          0x08000144   Data           4  entry2.o(.ARM.Collect$$$$00002712)
    .text                                    0x08000148   Section       36  startup_stm32f10x_hd.o(.text)
    .text                                    0x0800016c   Section        0  memcpya.o(.text)
    .text                                    0x08000190   Section        0  memseta.o(.text)
    .text                                    0x080001b4   Section        0  strlen.o(.text)
    .text                                    0x080001c2   Section        0  strcmp.o(.text)
    .text                                    0x080001de   Section        0  memcmp.o(.text)
    .text                                    0x080001f8   Section        0  fadd.o(.text)
    .text                                    0x080002a8   Section        0  fmul.o(.text)
    .text                                    0x0800030c   Section        0  fdiv.o(.text)
    .text                                    0x08000388   Section        0  fflti.o(.text)
    .text                                    0x0800039a   Section        0  ffltui.o(.text)
    .text                                    0x080003a4   Section        0  f2d.o(.text)
    .text                                    0x080003cc   Section       20  cfcmple.o(.text)
    .text                                    0x080003e0   Section       20  cfrcmple.o(.text)
    .text                                    0x080003f4   Section        0  uidiv.o(.text)
    .text                                    0x08000420   Section        0  uldiv.o(.text)
    .text                                    0x08000482   Section        0  fepilogue.o(.text)
    .text                                    0x08000482   Section        0  iusefp.o(.text)
    .text                                    0x080004f0   Section        0  dadd.o(.text)
    .text                                    0x0800063e   Section        0  dmul.o(.text)
    .text                                    0x08000722   Section        0  ddiv.o(.text)
    .text                                    0x08000800   Section        0  dfixul.o(.text)
    .text                                    0x08000830   Section       48  cdrcmple.o(.text)
    .text                                    0x08000860   Section       36  init.o(.text)
    .text                                    0x08000884   Section        0  llshl.o(.text)
    .text                                    0x080008a2   Section        0  llushr.o(.text)
    .text                                    0x080008c2   Section        0  llsshr.o(.text)
    .text                                    0x080008e6   Section        0  depilogue.o(.text)
    .text                                    0x080009a0   Section        0  __dczerorl2.o(.text)
    i.BusFault_Handler                       0x080009f6   Section        0  stm32f10x_it.o(i.BusFault_Handler)
    i.DebugMon_Handler                       0x080009fa   Section        0  stm32f10x_it.o(i.DebugMon_Handler)
    i.FLASH_ClearFlag                        0x080009fc   Section        0  stm32f10x_flash.o(i.FLASH_ClearFlag)
    i.FLASH_ErasePage                        0x08000a08   Section        0  stm32f10x_flash.o(i.FLASH_ErasePage)
    i.FLASH_GetBank1Status                   0x08000a54   Section        0  stm32f10x_flash.o(i.FLASH_GetBank1Status)
    i.FLASH_Lock                             0x08000a88   Section        0  stm32f10x_flash.o(i.FLASH_Lock)
    i.FLASH_ProgramWord                      0x08000a9c   Section        0  stm32f10x_flash.o(i.FLASH_ProgramWord)
    i.FLASH_Unlock                           0x08000b08   Section        0  stm32f10x_flash.o(i.FLASH_Unlock)
    i.FLASH_WaitForLastOperation             0x08000b20   Section        0  stm32f10x_flash.o(i.FLASH_WaitForLastOperation)
    i.GPIO_Init                              0x08000b46   Section        0  stm32f10x_gpio.o(i.GPIO_Init)
    i.GPIO_SetBits                           0x08000c5c   Section        0  stm32f10x_gpio.o(i.GPIO_SetBits)
    i.HAL_GetTick                            0x08000c60   Section        0  embedded_flash_demo_tests.o(i.HAL_GetTick)
    i.HardFault_Handler                      0x08000c6c   Section        0  stm32f10x_it.o(i.HardFault_Handler)
    i.InitSysTick                            0x08000c70   Section        0  embedded_flash_demo_tests.o(i.InitSysTick)
    i.LED_Init                               0x08000cd0   Section        0  led.o(i.LED_Init)
    i.MemManage_Handler                      0x08000d04   Section        0  stm32f10x_it.o(i.MemManage_Handler)
    i.NMI_Handler                            0x08000d08   Section        0  stm32f10x_it.o(i.NMI_Handler)
    i.NVIC_Init                              0x08000d0c   Section        0  misc.o(i.NVIC_Init)
    i.NVIC_PriorityGroupConfig               0x08000d7c   Section        0  misc.o(i.NVIC_PriorityGroupConfig)
    i.PendSV_Handler                         0x08000d90   Section        0  stm32f10x_it.o(i.PendSV_Handler)
    i.RCC_APB2PeriphClockCmd                 0x08000d94   Section        0  stm32f10x_rcc.o(i.RCC_APB2PeriphClockCmd)
    i.RCC_GetClocksFreq                      0x08000db4   Section        0  stm32f10x_rcc.o(i.RCC_GetClocksFreq)
    i.SEGGER_RTT_PutChar                     0x08000e88   Section        0  segger_rtt.o(i.SEGGER_RTT_PutChar)
    i.SVC_Handler                            0x08000f08   Section        0  stm32f10x_it.o(i.SVC_Handler)
    i.SetSysClock                            0x08000f0a   Section        0  system_stm32f10x.o(i.SetSysClock)
    SetSysClock                              0x08000f0b   Thumb Code     8  system_stm32f10x.o(i.SetSysClock)
    i.SetSysClockTo72                        0x08000f14   Section        0  system_stm32f10x.o(i.SetSysClockTo72)
    SetSysClockTo72                          0x08000f15   Thumb Code   214  system_stm32f10x.o(i.SetSysClockTo72)
    i.SysTick_CLKSourceConfig                0x08000ff4   Section        0  misc.o(i.SysTick_CLKSourceConfig)
    i.SysTick_Handler                        0x0800101c   Section        0  embedded_flash_demo_tests.o(i.SysTick_Handler)
    i.SysTick_Init                           0x0800102c   Section        0  systick.o(i.SysTick_Init)
    i.SystemInit                             0x08001068   Section        0  system_stm32f10x.o(i.SystemInit)
    i.USART1_IRQHandler                      0x080010c8   Section        0  usart.o(i.USART1_IRQHandler)
    i.USART1_Init                            0x08001104   Section        0  usart.o(i.USART1_Init)
    i.USART_ClearFlag                        0x080011bc   Section        0  stm32f10x_usart.o(i.USART_ClearFlag)
    i.USART_Cmd                              0x080011ce   Section        0  stm32f10x_usart.o(i.USART_Cmd)
    i.USART_GetFlagStatus                    0x080011e6   Section        0  stm32f10x_usart.o(i.USART_GetFlagStatus)
    i.USART_GetITStatus                      0x08001200   Section        0  stm32f10x_usart.o(i.USART_GetITStatus)
    i.USART_ITConfig                         0x08001254   Section        0  stm32f10x_usart.o(i.USART_ITConfig)
    i.USART_Init                             0x080012a0   Section        0  stm32f10x_usart.o(i.USART_Init)
    i.USART_ReceiveData                      0x08001378   Section        0  stm32f10x_usart.o(i.USART_ReceiveData)
    i.USART_SendData                         0x08001382   Section        0  stm32f10x_usart.o(i.USART_SendData)
    i.UsageFault_Handler                     0x0800138a   Section        0  stm32f10x_it.o(i.UsageFault_Handler)
    i._DoInit                                0x08001390   Section        0  segger_rtt.o(i._DoInit)
    _DoInit                                  0x08001391   Thumb Code    86  segger_rtt.o(i._DoInit)
    i.__0printf                              0x08001404   Section        0  printfa.o(i.__0printf)
    i.__0snprintf                            0x08001424   Section        0  printfa.o(i.__0snprintf)
    i.__scatterload_copy                     0x08001458   Section       14  handlers.o(i.__scatterload_copy)
    i.__scatterload_null                     0x08001466   Section        2  handlers.o(i.__scatterload_null)
    i.__scatterload_zeroinit                 0x08001468   Section       14  handlers.o(i.__scatterload_zeroinit)
    i._erase_sector                          0x08001478   Section        0  embeddedflash.o(i._erase_sector)
    _erase_sector                            0x08001479   Thumb Code   208  embeddedflash.o(i._erase_sector)
    i._execute_gc_operation                  0x08001600   Section        0  embeddedflash.o(i._execute_gc_operation)
    _execute_gc_operation                    0x08001601   Thumb Code   530  embeddedflash.o(i._execute_gc_operation)
    i._find_kv_data                          0x080019d8   Section        0  embeddedflash.o(i._find_kv_data)
    _find_kv_data                            0x080019d9   Thumb Code    60  embeddedflash.o(i._find_kv_data)
    i._find_latest_record                    0x08001a1c   Section        0  embeddedflash.o(i._find_latest_record)
    _find_latest_record                      0x08001a1d   Thumb Code   406  embeddedflash.o(i._find_latest_record)
    i._find_sector_role                      0x08001d10   Section        0  embeddedflash.o(i._find_sector_role)
    _find_sector_role                        0x08001d11   Thumb Code    38  embeddedflash.o(i._find_sector_role)
    i._find_writable_data_sector             0x08001d3c   Section        0  embeddedflash.o(i._find_writable_data_sector)
    _find_writable_data_sector               0x08001d3d   Thumb Code   124  embeddedflash.o(i._find_writable_data_sector)
    i._fp_digits                             0x08001dbc   Section        0  printfa.o(i._fp_digits)
    _fp_digits                               0x08001dbd   Thumb Code   366  printfa.o(i._fp_digits)
    i._is_kv_record                          0x08001f40   Section        0  embeddedflash.o(i._is_kv_record)
    _is_kv_record                            0x08001f41   Thumb Code   112  embeddedflash.o(i._is_kv_record)
    i._is_sector_header                      0x08002040   Section        0  embeddedflash.o(i._is_sector_header)
    _is_sector_header                        0x08002041   Thumb Code    22  embeddedflash.o(i._is_sector_header)
    i._printf_core                           0x08002058   Section        0  printfa.o(i._printf_core)
    _printf_core                             0x08002059   Thumb Code  1704  printfa.o(i._printf_core)
    i._printf_post_padding                   0x0800270c   Section        0  printfa.o(i._printf_post_padding)
    _printf_post_padding                     0x0800270d   Thumb Code    36  printfa.o(i._printf_post_padding)
    i._printf_pre_padding                    0x08002730   Section        0  printfa.o(i._printf_pre_padding)
    _printf_pre_padding                      0x08002731   Thumb Code    46  printfa.o(i._printf_pre_padding)
    i._refresh_sector_data                   0x08002760   Section        0  embeddedflash.o(i._refresh_sector_data)
    _refresh_sector_data                     0x08002761   Thumb Code   426  embeddedflash.o(i._refresh_sector_data)
    i._sector_header_read                    0x08002910   Section        0  embeddedflash.o(i._sector_header_read)
    _sector_header_read                      0x08002911   Thumb Code    60  embeddedflash.o(i._sector_header_read)
    i._sector_header_write                   0x08002950   Section        0  embeddedflash.o(i._sector_header_write)
    _sector_header_write                     0x08002951   Thumb Code   286  embeddedflash.o(i._sector_header_write)
    i._snputc                                0x08002b00   Section        0  printfa.o(i._snputc)
    _snputc                                  0x08002b01   Thumb Code    22  printfa.o(i._snputc)
    i._startup_init_missing_defaults         0x08002b18   Section        0  embeddedflash.o(i._startup_init_missing_defaults)
    _startup_init_missing_defaults           0x08002b19   Thumb Code   318  embeddedflash.o(i._startup_init_missing_defaults)
    i._startup_rebuild_sector                0x08002cb0   Section        0  embeddedflash.o(i._startup_rebuild_sector)
    _startup_rebuild_sector                  0x08002cb1   Thumb Code    54  embeddedflash.o(i._startup_rebuild_sector)
    i._startup_restore_kv_data               0x08002ce6   Section        0  embeddedflash.o(i._startup_restore_kv_data)
    _startup_restore_kv_data                 0x08002ce7   Thumb Code   122  embeddedflash.o(i._startup_restore_kv_data)
    i._startup_restore_sector_attr           0x08002d60   Section        0  embeddedflash.o(i._startup_restore_sector_attr)
    _startup_restore_sector_attr             0x08002d61   Thumb Code   106  embeddedflash.o(i._startup_restore_sector_attr)
    i._write_record                          0x08002dd0   Section        0  embeddedflash.o(i._write_record)
    _write_record                            0x08002dd1   Thumb Code    48  embeddedflash.o(i._write_record)
    i._write_record_to_sector                0x08002e00   Section        0  embeddedflash.o(i._write_record_to_sector)
    _write_record_to_sector                  0x08002e01   Thumb Code   340  embeddedflash.o(i._write_record_to_sector)
    i.crc16_x25_calculate                    0x08002fc8   Section        0  embeddedflash.o(i.crc16_x25_calculate)
    crc16_x25_calculate                      0x08002fc9   Thumb Code    74  embeddedflash.o(i.crc16_x25_calculate)
    i.delay_ms                               0x08003014   Section        0  systick.o(i.delay_ms)
    i.embedded_flash_demo_basic_test         0x08003060   Section        0  embedded_flash_demo_tests.o(i.embedded_flash_demo_basic_test)
    i.embedded_flash_demo_batch_test         0x080037f8   Section        0  embedded_flash_demo_tests.o(i.embedded_flash_demo_batch_test)
    i.embedded_flash_demo_boundary_test      0x08003b40   Section        0  embedded_flash_demo_tests.o(i.embedded_flash_demo_boundary_test)
    i.embedded_flash_demo_data_source_test   0x08003de0   Section        0  embedded_flash_demo_tests.o(i.embedded_flash_demo_data_source_test)
    i.embedded_flash_demo_data_type_consistency_test 0x08003e8c   Section        0  embedded_flash_demo_tests.o(i.embedded_flash_demo_data_type_consistency_test)
    i.embedded_flash_demo_error_test         0x08004528   Section        0  embedded_flash_demo_tests.o(i.embedded_flash_demo_error_test)
    i.embedded_flash_demo_gc_stress_test     0x080047d0   Section        0  embedded_flash_demo_tests.o(i.embedded_flash_demo_gc_stress_test)
    i.embedded_flash_demo_gc_test            0x08004abc   Section        0  embedded_flash_demo_tests.o(i.embedded_flash_demo_gc_test)
    i.embedded_flash_demo_performance_test   0x08005244   Section        0  embedded_flash_demo_tests.o(i.embedded_flash_demo_performance_test)
    i.embedded_flash_demo_power_loss_stress_test 0x0800544c   Section        0  embedded_flash_demo_tests.o(i.embedded_flash_demo_power_loss_stress_test)
    i.embedded_flash_demo_power_loss_test    0x08005644   Section        0  embedded_flash_demo_tests.o(i.embedded_flash_demo_power_loss_test)
    i.embedded_flash_demo_random_data_test   0x080062b8   Section        0  embedded_flash_demo_tests.o(i.embedded_flash_demo_random_data_test)
    i.embedded_flash_demo_run_full           0x080064a0   Section        0  embedded_flash_demo_tests.o(i.embedded_flash_demo_run_full)
    i.embedded_flash_demo_stress_test        0x08006c20   Section        0  embedded_flash_demo_tests.o(i.embedded_flash_demo_stress_test)
    i.embedded_flash_demo_type_safe_api_test 0x08007a2c   Section        0  embedded_flash_demo_tests.o(i.embedded_flash_demo_type_safe_api_test)
    i.embedded_flash_demo_verify_integrity   0x080087bc   Section        0  embedded_flash_demo_tests.o(i.embedded_flash_demo_verify_integrity)
    i.embedded_flash_gc                      0x080088b4   Section        0  embeddedflash.o(i.embedded_flash_gc)
    embedded_flash_gc                        0x080088b5   Thumb Code   928  embeddedflash.o(i.embedded_flash_gc)
    i.embedded_flash_get                     0x08008d38   Section        0  embeddedflash.o(i.embedded_flash_get)
    i.embedded_flash_get_status              0x08008e8c   Section        0  embeddedflash.o(i.embedded_flash_get_status)
    embedded_flash_get_status                0x08008e8d   Thumb Code   292  embeddedflash.o(i.embedded_flash_get_status)
    i.embedded_flash_get_type_size           0x08008fb0   Section        0  embedded_flash_demo_tests.o(i.embedded_flash_get_type_size)
    embedded_flash_get_type_size             0x08008fb1   Thumb Code    62  embedded_flash_demo_tests.o(i.embedded_flash_get_type_size)
    i.embedded_flash_get_type_size           0x08008fee   Section        0  embeddedflash.o(i.embedded_flash_get_type_size)
    embedded_flash_get_type_size             0x08008fef   Thumb Code    62  embeddedflash.o(i.embedded_flash_get_type_size)
    i.embedded_flash_init                    0x0800902c   Section        0  embeddedflash.o(i.embedded_flash_init)
    i.embedded_flash_print_erase_stats       0x0800926c   Section        0  embeddedflash.o(i.embedded_flash_print_erase_stats)
    i.embedded_flash_set                     0x080096cc   Section        0  embeddedflash.o(i.embedded_flash_set)
    embedded_flash_set                       0x080096cd   Thumb Code   812  embeddedflash.o(i.embedded_flash_set)
    i.embedded_flash_set_bool                0x08009cf4   Section        0  embeddedflash.o(i.embedded_flash_set_bool)
    i.embedded_flash_set_float               0x08009d0a   Section        0  embeddedflash.o(i.embedded_flash_set_float)
    i.embedded_flash_set_hex                 0x08009d1c   Section        0  embeddedflash.o(i.embedded_flash_set_hex)
    i.embedded_flash_set_int16               0x08009d74   Section        0  embeddedflash.o(i.embedded_flash_set_int16)
    i.embedded_flash_set_int32               0x08009d86   Section        0  embeddedflash.o(i.embedded_flash_set_int32)
    i.embedded_flash_set_int64               0x08009d98   Section        0  embeddedflash.o(i.embedded_flash_set_int64)
    i.embedded_flash_set_int8                0x08009dac   Section        0  embeddedflash.o(i.embedded_flash_set_int8)
    i.embedded_flash_set_string              0x08009dc0   Section        0  embeddedflash.o(i.embedded_flash_set_string)
    i.embedded_flash_set_uint16              0x08009e50   Section        0  embeddedflash.o(i.embedded_flash_set_uint16)
    i.embedded_flash_set_uint32              0x08009e62   Section        0  embeddedflash.o(i.embedded_flash_set_uint32)
    i.embedded_flash_set_uint64              0x08009e74   Section        0  embeddedflash.o(i.embedded_flash_set_uint64)
    i.embedded_flash_set_uint8               0x08009e88   Section        0  embeddedflash.o(i.embedded_flash_set_uint8)
    i.flash_port_erase                       0x08009e9c   Section        0  embeddedflash_port.o(i.flash_port_erase)
    i.flash_port_init                        0x08009f94   Section        0  embeddedflash_port.o(i.flash_port_init)
    i.flash_port_read                        0x08009f98   Section        0  embeddedflash_port.o(i.flash_port_read)
    i.flash_port_test                        0x08009fd4   Section        0  embeddedflash_port.o(i.flash_port_test)
    i.flash_port_write                       0x0800a318   Section        0  embeddedflash_port.o(i.flash_port_write)
    i.fputc                                  0x0800a398   Section        0  usart.o(i.fputc)
    i.main                                   0x0800a3c4   Section        0  main.o(i.main)
    i.print_fail                             0x0800a620   Section        0  embedded_flash_demo_tests.o(i.print_fail)
    print_fail                               0x0800a621   Thumb Code    14  embedded_flash_demo_tests.o(i.print_fail)
    i.print_pass                             0x0800a640   Section        0  embedded_flash_demo_tests.o(i.print_pass)
    print_pass                               0x0800a641   Thumb Code    14  embedded_flash_demo_tests.o(i.print_pass)
    i.print_test_end                         0x0800a660   Section        0  embedded_flash_demo_tests.o(i.print_test_end)
    print_test_end                           0x0800a661   Thumb Code    26  embedded_flash_demo_tests.o(i.print_test_end)
    i.print_test_start                       0x0800a6ac   Section        0  embedded_flash_demo_tests.o(i.print_test_start)
    print_test_start                         0x0800a6ad   Thumb Code    14  embedded_flash_demo_tests.o(i.print_test_start)
    i.test_embedded_flash_init               0x0800a6d8   Section        0  embedded_flash_demo_tests.o(i.test_embedded_flash_init)
    test_embedded_flash_init                 0x0800a6d9   Thumb Code    14  embedded_flash_demo_tests.o(i.test_embedded_flash_init)
    .constdata                               0x0800a6ec   Section       33  segger_rtt.o(.constdata)
    _aTerminalId                             0x0800a6ec   Data          16  segger_rtt.o(.constdata)
    _aInitStr                                0x0800a6fc   Data          17  segger_rtt.o(.constdata)
    .constdata                               0x0800a710   Section      140  embedded_flash_demo_tests.o(.constdata)
    .conststring                             0x0800a79c   Section     1554  embedded_flash_demo_tests.o(.conststring)
    .conststring                             0x0800adb0   Section      647  embeddedflash.o(.conststring)
    .conststring                             0x0800b038   Section      165  embeddedflash_port.o(.conststring)
    .data                                    0x20000000   Section       20  stm32f10x_rcc.o(.data)
    APBAHBPrescTable                         0x20000000   Data          16  stm32f10x_rcc.o(.data)
    ADCPrescTable                            0x20000010   Data           4  stm32f10x_rcc.o(.data)
    .data                                    0x20000014   Section       20  system_stm32f10x.o(.data)
    .data                                    0x20000028   Section        4  systick.o(.data)
    fac_us                                   0x20000028   Data           1  systick.o(.data)
    fac_ms                                   0x2000002a   Data           2  systick.o(.data)
    .data                                    0x20000030   Section      304  embedded_flash_demo_tests.o(.data)
    ms_tick                                  0x20000030   Data           4  embedded_flash_demo_tests.o(.data)
    test_default_uint8_1                     0x20000034   Data           1  embedded_flash_demo_tests.o(.data)
    test_default_uint8_2                     0x20000035   Data           1  embedded_flash_demo_tests.o(.data)
    test_default_uint16_1                    0x20000036   Data           2  embedded_flash_demo_tests.o(.data)
    test_default_int32_1                     0x20000038   Data           4  embedded_flash_demo_tests.o(.data)
    test_default_string_1                    0x2000003c   Data           8  embedded_flash_demo_tests.o(.data)
    test_default_hex_1                       0x20000044   Data           4  embedded_flash_demo_tests.o(.data)
    test_default_uint16_2                    0x20000048   Data           2  embedded_flash_demo_tests.o(.data)
    test_default_int32_2                     0x2000004c   Data           4  embedded_flash_demo_tests.o(.data)
    test_default_float_1                     0x20000050   Data           4  embedded_flash_demo_tests.o(.data)
    test_default_bool_1                      0x20000054   Data           1  embedded_flash_demo_tests.o(.data)
    test_default_int8_1                      0x20000055   Data           1  embedded_flash_demo_tests.o(.data)
    test_default_int16_1                     0x20000056   Data           2  embedded_flash_demo_tests.o(.data)
    test_default_uint32_1                    0x20000058   Data           4  embedded_flash_demo_tests.o(.data)
    test_default_uint64_1                    0x20000060   Data           8  embedded_flash_demo_tests.o(.data)
    test_default_int64_1                     0x20000068   Data           8  embedded_flash_demo_tests.o(.data)
    test_kvs                                 0x20000070   Data         240  embedded_flash_demo_tests.o(.data)
    .data                                    0x20000160   Section       53  embeddedflash.o(.data)
    m_sector_desc_list                       0x20000160   Data          48  embeddedflash.o(.data)
    mp_kv_list                               0x20000190   Data           4  embeddedflash.o(.data)
    m_kv_data_list_count                     0x20000194   Data           1  embeddedflash.o(.data)
    .data                                    0x20000198   Section        4  stdout.o(.data)
    .bss                                     0x2000019c   Section     1208  segger_rtt.o(.bss)
    _acUpBuffer                              0x20000244   Data        1024  segger_rtt.o(.bss)
    _acDownBuffer                            0x20000644   Data          16  segger_rtt.o(.bss)
    .bss                                     0x20000654   Section       28  embeddedflash.o(.bss)
    m_erase_stats                            0x20000654   Data          28  embeddedflash.o(.bss)
    STACK                                    0x20000670   Section     4096  startup_stm32f10x_hd.o(STACK)

    Global Symbols

    Symbol Name                              Value     Ov Type        Size  Object(Section)

    BuildAttributes$$THM_ISAv4$P$D$K$B$S$PE$A:L22UL41UL21$X:L11$S22US41US21$IEEE1$IW$USESV6$~STKCKD$USESV7$~SHL$OTIME$ROPI$EBA8$MICROLIB$REQ8$PRES8$EABIv2 0x00000000   Number         0  anon$$obj.o ABSOLUTE
    __ARM_use_no_argv                        0x00000000   Number         0  main.o ABSOLUTE
    _printf_a                                0x00000000   Number         0  stubs.o ABSOLUTE
    _printf_c                                0x00000000   Number         0  stubs.o ABSOLUTE
    _printf_charcount                        0x00000000   Number         0  stubs.o ABSOLUTE
    _printf_d                                0x00000000   Number         0  stubs.o ABSOLUTE
    _printf_e                                0x00000000   Number         0  stubs.o ABSOLUTE
    _printf_f                                0x00000000   Number         0  stubs.o ABSOLUTE
    _printf_flags                            0x00000000   Number         0  stubs.o ABSOLUTE
    _printf_fp_dec                           0x00000000   Number         0  stubs.o ABSOLUTE
    _printf_fp_hex                           0x00000000   Number         0  stubs.o ABSOLUTE
    _printf_g                                0x00000000   Number         0  stubs.o ABSOLUTE
    _printf_i                                0x00000000   Number         0  stubs.o ABSOLUTE
    _printf_int_dec                          0x00000000   Number         0  stubs.o ABSOLUTE
    _printf_l                                0x00000000   Number         0  stubs.o ABSOLUTE
    _printf_lc                               0x00000000   Number         0  stubs.o ABSOLUTE
    _printf_ll                               0x00000000   Number         0  stubs.o ABSOLUTE
    _printf_lld                              0x00000000   Number         0  stubs.o ABSOLUTE
    _printf_lli                              0x00000000   Number         0  stubs.o ABSOLUTE
    _printf_llo                              0x00000000   Number         0  stubs.o ABSOLUTE
    _printf_llu                              0x00000000   Number         0  stubs.o ABSOLUTE
    _printf_llx                              0x00000000   Number         0  stubs.o ABSOLUTE
    _printf_longlong_dec                     0x00000000   Number         0  stubs.o ABSOLUTE
    _printf_longlong_hex                     0x00000000   Number         0  stubs.o ABSOLUTE
    _printf_longlong_oct                     0x00000000   Number         0  stubs.o ABSOLUTE
    _printf_ls                               0x00000000   Number         0  stubs.o ABSOLUTE
    _printf_mbtowc                           0x00000000   Number         0  stubs.o ABSOLUTE
    _printf_n                                0x00000000   Number         0  stubs.o ABSOLUTE
    _printf_o                                0x00000000   Number         0  stubs.o ABSOLUTE
    _printf_p                                0x00000000   Number         0  stubs.o ABSOLUTE
    _printf_percent                          0x00000000   Number         0  stubs.o ABSOLUTE
    _printf_pre_padding                      0x00000000   Number         0  stubs.o ABSOLUTE
    _printf_return_value                     0x00000000   Number         0  stubs.o ABSOLUTE
    _printf_s                                0x00000000   Number         0  stubs.o ABSOLUTE
    _printf_sizespec                         0x00000000   Number         0  stubs.o ABSOLUTE
    _printf_str                              0x00000000   Number         0  stubs.o ABSOLUTE
    _printf_truncate_signed                  0x00000000   Number         0  stubs.o ABSOLUTE
    _printf_truncate_unsigned                0x00000000   Number         0  stubs.o ABSOLUTE
    _printf_u                                0x00000000   Number         0  stubs.o ABSOLUTE
    _printf_wc                               0x00000000   Number         0  stubs.o ABSOLUTE
    _printf_wctomb                           0x00000000   Number         0  stubs.o ABSOLUTE
    _printf_widthprec                        0x00000000   Number         0  stubs.o ABSOLUTE
    _printf_x                                0x00000000   Number         0  stubs.o ABSOLUTE
    __arm_fini_                               - Undefined Weak Reference
    __cpp_initialize__aeabi_                  - Undefined Weak Reference
    __cxa_finalize                            - Undefined Weak Reference
    _clock_init                               - Undefined Weak Reference
    _microlib_exit                            - Undefined Weak Reference
    __Vectors_Size                           0x00000130   Number         0  startup_stm32f10x_hd.o ABSOLUTE
    __Vectors                                0x08000000   Data           4  startup_stm32f10x_hd.o(RESET)
    __Vectors_End                            0x08000130   Data           0  startup_stm32f10x_hd.o(RESET)
    __main                                   0x08000131   Thumb Code     0  entry.o(.ARM.Collect$$$$00000000)
    _main_stk                                0x08000131   Thumb Code     0  entry2.o(.ARM.Collect$$$$00000001)
    _main_scatterload                        0x08000135   Thumb Code     0  entry5.o(.ARM.Collect$$$$00000004)
    __main_after_scatterload                 0x08000139   Thumb Code     0  entry5.o(.ARM.Collect$$$$00000004)
    _main_clock                              0x08000139   Thumb Code     0  entry7b.o(.ARM.Collect$$$$00000008)
    _main_cpp_init                           0x08000139   Thumb Code     0  entry8b.o(.ARM.Collect$$$$0000000A)
    _main_init                               0x08000139   Thumb Code     0  entry9a.o(.ARM.Collect$$$$0000000B)
    __rt_lib_shutdown_fini                   0x08000141   Thumb Code     0  entry12b.o(.ARM.Collect$$$$0000000E)
    __rt_final_cpp                           0x08000145   Thumb Code     0  entry10a.o(.ARM.Collect$$$$0000000F)
    __rt_final_exit                          0x08000145   Thumb Code     0  entry11a.o(.ARM.Collect$$$$00000011)
    Reset_Handler                            0x08000149   Thumb Code     8  startup_stm32f10x_hd.o(.text)
    ADC1_2_IRQHandler                        0x08000163   Thumb Code     0  startup_stm32f10x_hd.o(.text)
    ADC3_IRQHandler                          0x08000163   Thumb Code     0  startup_stm32f10x_hd.o(.text)
    CAN1_RX1_IRQHandler                      0x08000163   Thumb Code     0  startup_stm32f10x_hd.o(.text)
    CAN1_SCE_IRQHandler                      0x08000163   Thumb Code     0  startup_stm32f10x_hd.o(.text)
    DMA1_Channel1_IRQHandler                 0x08000163   Thumb Code     0  startup_stm32f10x_hd.o(.text)
    DMA1_Channel2_IRQHandler                 0x08000163   Thumb Code     0  startup_stm32f10x_hd.o(.text)
    DMA1_Channel3_IRQHandler                 0x08000163   Thumb Code     0  startup_stm32f10x_hd.o(.text)
    DMA1_Channel4_IRQHandler                 0x08000163   Thumb Code     0  startup_stm32f10x_hd.o(.text)
    DMA1_Channel5_IRQHandler                 0x08000163   Thumb Code     0  startup_stm32f10x_hd.o(.text)
    DMA1_Channel6_IRQHandler                 0x08000163   Thumb Code     0  startup_stm32f10x_hd.o(.text)
    DMA1_Channel7_IRQHandler                 0x08000163   Thumb Code     0  startup_stm32f10x_hd.o(.text)
    DMA2_Channel1_IRQHandler                 0x08000163   Thumb Code     0  startup_stm32f10x_hd.o(.text)
    DMA2_Channel2_IRQHandler                 0x08000163   Thumb Code     0  startup_stm32f10x_hd.o(.text)
    DMA2_Channel3_IRQHandler                 0x08000163   Thumb Code     0  startup_stm32f10x_hd.o(.text)
    DMA2_Channel4_5_IRQHandler               0x08000163   Thumb Code     0  startup_stm32f10x_hd.o(.text)
    EXTI0_IRQHandler                         0x08000163   Thumb Code     0  startup_stm32f10x_hd.o(.text)
    EXTI15_10_IRQHandler                     0x08000163   Thumb Code     0  startup_stm32f10x_hd.o(.text)
    EXTI1_IRQHandler                         0x08000163   Thumb Code     0  startup_stm32f10x_hd.o(.text)
    EXTI2_IRQHandler                         0x08000163   Thumb Code     0  startup_stm32f10x_hd.o(.text)
    EXTI3_IRQHandler                         0x08000163   Thumb Code     0  startup_stm32f10x_hd.o(.text)
    EXTI4_IRQHandler                         0x08000163   Thumb Code     0  startup_stm32f10x_hd.o(.text)
    EXTI9_5_IRQHandler                       0x08000163   Thumb Code     0  startup_stm32f10x_hd.o(.text)
    FLASH_IRQHandler                         0x08000163   Thumb Code     0  startup_stm32f10x_hd.o(.text)
    FSMC_IRQHandler                          0x08000163   Thumb Code     0  startup_stm32f10x_hd.o(.text)
    I2C1_ER_IRQHandler                       0x08000163   Thumb Code     0  startup_stm32f10x_hd.o(.text)
    I2C1_EV_IRQHandler                       0x08000163   Thumb Code     0  startup_stm32f10x_hd.o(.text)
    I2C2_ER_IRQHandler                       0x08000163   Thumb Code     0  startup_stm32f10x_hd.o(.text)
    I2C2_EV_IRQHandler                       0x08000163   Thumb Code     0  startup_stm32f10x_hd.o(.text)
    PVD_IRQHandler                           0x08000163   Thumb Code     0  startup_stm32f10x_hd.o(.text)
    RCC_IRQHandler                           0x08000163   Thumb Code     0  startup_stm32f10x_hd.o(.text)
    RTCAlarm_IRQHandler                      0x08000163   Thumb Code     0  startup_stm32f10x_hd.o(.text)
    RTC_IRQHandler                           0x08000163   Thumb Code     0  startup_stm32f10x_hd.o(.text)
    SDIO_IRQHandler                          0x08000163   Thumb Code     0  startup_stm32f10x_hd.o(.text)
    SPI1_IRQHandler                          0x08000163   Thumb Code     0  startup_stm32f10x_hd.o(.text)
    SPI2_IRQHandler                          0x08000163   Thumb Code     0  startup_stm32f10x_hd.o(.text)
    SPI3_IRQHandler                          0x08000163   Thumb Code     0  startup_stm32f10x_hd.o(.text)
    TAMPER_IRQHandler                        0x08000163   Thumb Code     0  startup_stm32f10x_hd.o(.text)
    TIM1_BRK_IRQHandler                      0x08000163   Thumb Code     0  startup_stm32f10x_hd.o(.text)
    TIM1_CC_IRQHandler                       0x08000163   Thumb Code     0  startup_stm32f10x_hd.o(.text)
    TIM1_TRG_COM_IRQHandler                  0x08000163   Thumb Code     0  startup_stm32f10x_hd.o(.text)
    TIM1_UP_IRQHandler                       0x08000163   Thumb Code     0  startup_stm32f10x_hd.o(.text)
    TIM2_IRQHandler                          0x08000163   Thumb Code     0  startup_stm32f10x_hd.o(.text)
    TIM3_IRQHandler                          0x08000163   Thumb Code     0  startup_stm32f10x_hd.o(.text)
    TIM4_IRQHandler                          0x08000163   Thumb Code     0  startup_stm32f10x_hd.o(.text)
    TIM5_IRQHandler                          0x08000163   Thumb Code     0  startup_stm32f10x_hd.o(.text)
    TIM6_IRQHandler                          0x08000163   Thumb Code     0  startup_stm32f10x_hd.o(.text)
    TIM7_IRQHandler                          0x08000163   Thumb Code     0  startup_stm32f10x_hd.o(.text)
    TIM8_BRK_IRQHandler                      0x08000163   Thumb Code     0  startup_stm32f10x_hd.o(.text)
    TIM8_CC_IRQHandler                       0x08000163   Thumb Code     0  startup_stm32f10x_hd.o(.text)
    TIM8_TRG_COM_IRQHandler                  0x08000163   Thumb Code     0  startup_stm32f10x_hd.o(.text)
    TIM8_UP_IRQHandler                       0x08000163   Thumb Code     0  startup_stm32f10x_hd.o(.text)
    UART4_IRQHandler                         0x08000163   Thumb Code     0  startup_stm32f10x_hd.o(.text)
    UART5_IRQHandler                         0x08000163   Thumb Code     0  startup_stm32f10x_hd.o(.text)
    USART2_IRQHandler                        0x08000163   Thumb Code     0  startup_stm32f10x_hd.o(.text)
    USART3_IRQHandler                        0x08000163   Thumb Code     0  startup_stm32f10x_hd.o(.text)
    USBWakeUp_IRQHandler                     0x08000163   Thumb Code     0  startup_stm32f10x_hd.o(.text)
    USB_HP_CAN1_TX_IRQHandler                0x08000163   Thumb Code     0  startup_stm32f10x_hd.o(.text)
    USB_LP_CAN1_RX0_IRQHandler               0x08000163   Thumb Code     0  startup_stm32f10x_hd.o(.text)
    WWDG_IRQHandler                          0x08000163   Thumb Code     0  startup_stm32f10x_hd.o(.text)
    __aeabi_memcpy                           0x0800016d   Thumb Code    36  memcpya.o(.text)
    __aeabi_memcpy4                          0x0800016d   Thumb Code     0  memcpya.o(.text)
    __aeabi_memcpy8                          0x0800016d   Thumb Code     0  memcpya.o(.text)
    __aeabi_memset                           0x08000191   Thumb Code    14  memseta.o(.text)
    __aeabi_memset4                          0x08000191   Thumb Code     0  memseta.o(.text)
    __aeabi_memset8                          0x08000191   Thumb Code     0  memseta.o(.text)
    __aeabi_memclr                           0x0800019f   Thumb Code     4  memseta.o(.text)
    __aeabi_memclr4                          0x0800019f   Thumb Code     0  memseta.o(.text)
    __aeabi_memclr8                          0x0800019f   Thumb Code     0  memseta.o(.text)
    _memset$wrapper                          0x080001a3   Thumb Code    18  memseta.o(.text)
    strlen                                   0x080001b5   Thumb Code    14  strlen.o(.text)
    strcmp                                   0x080001c3   Thumb Code    28  strcmp.o(.text)
    memcmp                                   0x080001df   Thumb Code    26  memcmp.o(.text)
    __aeabi_fadd                             0x080001f9   Thumb Code   164  fadd.o(.text)
    __aeabi_fsub                             0x0800029d   Thumb Code     6  fadd.o(.text)
    __aeabi_frsub                            0x080002a3   Thumb Code     6  fadd.o(.text)
    __aeabi_fmul                             0x080002a9   Thumb Code   100  fmul.o(.text)
    __aeabi_fdiv                             0x0800030d   Thumb Code   124  fdiv.o(.text)
    __aeabi_i2f                              0x08000389   Thumb Code    18  fflti.o(.text)
    __aeabi_ui2f                             0x0800039b   Thumb Code    10  ffltui.o(.text)
    __aeabi_f2d                              0x080003a5   Thumb Code    38  f2d.o(.text)
    __aeabi_cfcmpeq                          0x080003cd   Thumb Code     0  cfcmple.o(.text)
    __aeabi_cfcmple                          0x080003cd   Thumb Code    20  cfcmple.o(.text)
    __aeabi_cfrcmple                         0x080003e1   Thumb Code    20  cfrcmple.o(.text)
    __aeabi_uidiv                            0x080003f5   Thumb Code     0  uidiv.o(.text)
    __aeabi_uidivmod                         0x080003f5   Thumb Code    44  uidiv.o(.text)
    __aeabi_uldivmod                         0x08000421   Thumb Code    98  uldiv.o(.text)
    __I$use$fp                               0x08000483   Thumb Code     0  iusefp.o(.text)
    _float_round                             0x08000483   Thumb Code    18  fepilogue.o(.text)
    _float_epilogue                          0x08000495   Thumb Code    92  fepilogue.o(.text)
    __aeabi_dadd                             0x080004f1   Thumb Code   322  dadd.o(.text)
    __aeabi_dsub                             0x08000633   Thumb Code     6  dadd.o(.text)
    __aeabi_drsub                            0x08000639   Thumb Code     6  dadd.o(.text)
    __aeabi_dmul                             0x0800063f   Thumb Code   228  dmul.o(.text)
    __aeabi_ddiv                             0x08000723   Thumb Code   222  ddiv.o(.text)
    __aeabi_d2ulz                            0x08000801   Thumb Code    48  dfixul.o(.text)
    __aeabi_cdrcmple                         0x08000831   Thumb Code    48  cdrcmple.o(.text)
    __scatterload                            0x08000861   Thumb Code    28  init.o(.text)
    __scatterload_rt2                        0x08000861   Thumb Code     0  init.o(.text)
    __aeabi_llsl                             0x08000885   Thumb Code    30  llshl.o(.text)
    _ll_shift_l                              0x08000885   Thumb Code     0  llshl.o(.text)
    __aeabi_llsr                             0x080008a3   Thumb Code    32  llushr.o(.text)
    _ll_ushift_r                             0x080008a3   Thumb Code     0  llushr.o(.text)
    __aeabi_lasr                             0x080008c3   Thumb Code    36  llsshr.o(.text)
    _ll_sshift_r                             0x080008c3   Thumb Code     0  llsshr.o(.text)
    _double_round                            0x080008e7   Thumb Code    30  depilogue.o(.text)
    _double_epilogue                         0x08000905   Thumb Code   156  depilogue.o(.text)
    __decompress                             0x080009a1   Thumb Code     0  __dczerorl2.o(.text)
    __decompress1                            0x080009a1   Thumb Code    86  __dczerorl2.o(.text)
    BusFault_Handler                         0x080009f7   Thumb Code     4  stm32f10x_it.o(i.BusFault_Handler)
    DebugMon_Handler                         0x080009fb   Thumb Code     2  stm32f10x_it.o(i.DebugMon_Handler)
    FLASH_ClearFlag                          0x080009fd   Thumb Code     6  stm32f10x_flash.o(i.FLASH_ClearFlag)
    FLASH_ErasePage                          0x08000a09   Thumb Code    72  stm32f10x_flash.o(i.FLASH_ErasePage)
    FLASH_GetBank1Status                     0x08000a55   Thumb Code    48  stm32f10x_flash.o(i.FLASH_GetBank1Status)
    FLASH_Lock                               0x08000a89   Thumb Code    14  stm32f10x_flash.o(i.FLASH_Lock)
    FLASH_ProgramWord                        0x08000a9d   Thumb Code   102  stm32f10x_flash.o(i.FLASH_ProgramWord)
    FLASH_Unlock                             0x08000b09   Thumb Code    12  stm32f10x_flash.o(i.FLASH_Unlock)
    FLASH_WaitForLastOperation               0x08000b21   Thumb Code    38  stm32f10x_flash.o(i.FLASH_WaitForLastOperation)
    GPIO_Init                                0x08000b47   Thumb Code   278  stm32f10x_gpio.o(i.GPIO_Init)
    GPIO_SetBits                             0x08000c5d   Thumb Code     4  stm32f10x_gpio.o(i.GPIO_SetBits)
    HAL_GetTick                              0x08000c61   Thumb Code     6  embedded_flash_demo_tests.o(i.HAL_GetTick)
    HardFault_Handler                        0x08000c6d   Thumb Code     4  stm32f10x_it.o(i.HardFault_Handler)
    InitSysTick                              0x08000c71   Thumb Code    84  embedded_flash_demo_tests.o(i.InitSysTick)
    LED_Init                                 0x08000cd1   Thumb Code    46  led.o(i.LED_Init)
    MemManage_Handler                        0x08000d05   Thumb Code     4  stm32f10x_it.o(i.MemManage_Handler)
    NMI_Handler                              0x08000d09   Thumb Code     2  stm32f10x_it.o(i.NMI_Handler)
    NVIC_Init                                0x08000d0d   Thumb Code   100  misc.o(i.NVIC_Init)
    NVIC_PriorityGroupConfig                 0x08000d7d   Thumb Code    10  misc.o(i.NVIC_PriorityGroupConfig)
    PendSV_Handler                           0x08000d91   Thumb Code     2  stm32f10x_it.o(i.PendSV_Handler)
    RCC_APB2PeriphClockCmd                   0x08000d95   Thumb Code    26  stm32f10x_rcc.o(i.RCC_APB2PeriphClockCmd)
    RCC_GetClocksFreq                        0x08000db5   Thumb Code   192  stm32f10x_rcc.o(i.RCC_GetClocksFreq)
    SEGGER_RTT_PutChar                       0x08000e89   Thumb Code   124  segger_rtt.o(i.SEGGER_RTT_PutChar)
    SVC_Handler                              0x08000f09   Thumb Code     2  stm32f10x_it.o(i.SVC_Handler)
    SysTick_CLKSourceConfig                  0x08000ff5   Thumb Code    40  misc.o(i.SysTick_CLKSourceConfig)
    SysTick_Handler                          0x0800101d   Thumb Code    12  embedded_flash_demo_tests.o(i.SysTick_Handler)
    SysTick_Init                             0x0800102d   Thumb Code    52  systick.o(i.SysTick_Init)
    SystemInit                               0x08001069   Thumb Code    78  system_stm32f10x.o(i.SystemInit)
    USART1_IRQHandler                        0x080010c9   Thumb Code    54  usart.o(i.USART1_IRQHandler)
    USART1_Init                              0x08001105   Thumb Code   174  usart.o(i.USART1_Init)
    USART_ClearFlag                          0x080011bd   Thumb Code    18  stm32f10x_usart.o(i.USART_ClearFlag)
    USART_Cmd                                0x080011cf   Thumb Code    24  stm32f10x_usart.o(i.USART_Cmd)
    USART_GetFlagStatus                      0x080011e7   Thumb Code    26  stm32f10x_usart.o(i.USART_GetFlagStatus)
    USART_GetITStatus                        0x08001201   Thumb Code    84  stm32f10x_usart.o(i.USART_GetITStatus)
    USART_ITConfig                           0x08001255   Thumb Code    74  stm32f10x_usart.o(i.USART_ITConfig)
    USART_Init                               0x080012a1   Thumb Code   210  stm32f10x_usart.o(i.USART_Init)
    USART_ReceiveData                        0x08001379   Thumb Code    10  stm32f10x_usart.o(i.USART_ReceiveData)
    USART_SendData                           0x08001383   Thumb Code     8  stm32f10x_usart.o(i.USART_SendData)
    UsageFault_Handler                       0x0800138b   Thumb Code     4  stm32f10x_it.o(i.UsageFault_Handler)
    __0printf                                0x08001405   Thumb Code    22  printfa.o(i.__0printf)
    __1printf                                0x08001405   Thumb Code     0  printfa.o(i.__0printf)
    __2printf                                0x08001405   Thumb Code     0  printfa.o(i.__0printf)
    __c89printf                              0x08001405   Thumb Code     0  printfa.o(i.__0printf)
    printf                                   0x08001405   Thumb Code     0  printfa.o(i.__0printf)
    __0snprintf                              0x08001425   Thumb Code    48  printfa.o(i.__0snprintf)
    __1snprintf                              0x08001425   Thumb Code     0  printfa.o(i.__0snprintf)
    __2snprintf                              0x08001425   Thumb Code     0  printfa.o(i.__0snprintf)
    __c89snprintf                            0x08001425   Thumb Code     0  printfa.o(i.__0snprintf)
    snprintf                                 0x08001425   Thumb Code     0  printfa.o(i.__0snprintf)
    __scatterload_copy                       0x08001459   Thumb Code    14  handlers.o(i.__scatterload_copy)
    __scatterload_null                       0x08001467   Thumb Code     2  handlers.o(i.__scatterload_null)
    __scatterload_zeroinit                   0x08001469   Thumb Code    14  handlers.o(i.__scatterload_zeroinit)
    delay_ms                                 0x08003015   Thumb Code    72  systick.o(i.delay_ms)
    embedded_flash_demo_basic_test           0x08003061   Thumb Code  1854  embedded_flash_demo_tests.o(i.embedded_flash_demo_basic_test)
    embedded_flash_demo_batch_test           0x080037f9   Thumb Code   548  embedded_flash_demo_tests.o(i.embedded_flash_demo_batch_test)
    embedded_flash_demo_boundary_test        0x08003b41   Thumb Code   248  embedded_flash_demo_tests.o(i.embedded_flash_demo_boundary_test)
    embedded_flash_demo_data_source_test     0x08003de1   Thumb Code    52  embedded_flash_demo_tests.o(i.embedded_flash_demo_data_source_test)
    embedded_flash_demo_data_type_consistency_test 0x08003e8d   Thumb Code  1544  embedded_flash_demo_tests.o(i.embedded_flash_demo_data_type_consistency_test)
    embedded_flash_demo_error_test           0x08004529   Thumb Code   280  embedded_flash_demo_tests.o(i.embedded_flash_demo_error_test)
    embedded_flash_demo_gc_stress_test       0x080047d1   Thumb Code   548  embedded_flash_demo_tests.o(i.embedded_flash_demo_gc_stress_test)
    embedded_flash_demo_gc_test              0x08004abd   Thumb Code  1926  embedded_flash_demo_tests.o(i.embedded_flash_demo_gc_test)
    embedded_flash_demo_performance_test     0x08005245   Thumb Code   292  embedded_flash_demo_tests.o(i.embedded_flash_demo_performance_test)
    embedded_flash_demo_power_loss_stress_test 0x0800544d   Thumb Code   282  embedded_flash_demo_tests.o(i.embedded_flash_demo_power_loss_stress_test)
    embedded_flash_demo_power_loss_test      0x08005645   Thumb Code  2924  embedded_flash_demo_tests.o(i.embedded_flash_demo_power_loss_test)
    embedded_flash_demo_random_data_test     0x080062b9   Thumb Code   306  embedded_flash_demo_tests.o(i.embedded_flash_demo_random_data_test)
    embedded_flash_demo_run_full             0x080064a1   Thumb Code  1500  embedded_flash_demo_tests.o(i.embedded_flash_demo_run_full)
    embedded_flash_demo_stress_test          0x08006c21   Thumb Code  3436  embedded_flash_demo_tests.o(i.embedded_flash_demo_stress_test)
    embedded_flash_demo_type_safe_api_test   0x08007a2d   Thumb Code  3304  embedded_flash_demo_tests.o(i.embedded_flash_demo_type_safe_api_test)
    embedded_flash_demo_verify_integrity     0x080087bd   Thumb Code   170  embedded_flash_demo_tests.o(i.embedded_flash_demo_verify_integrity)
    embedded_flash_get                       0x08008d39   Thumb Code   170  embeddedflash.o(i.embedded_flash_get)
    embedded_flash_init                      0x0800902d   Thumb Code   226  embeddedflash.o(i.embedded_flash_init)
    embedded_flash_print_erase_stats         0x0800926d   Thumb Code   458  embeddedflash.o(i.embedded_flash_print_erase_stats)
    embedded_flash_set_bool                  0x08009cf5   Thumb Code    22  embeddedflash.o(i.embedded_flash_set_bool)
    embedded_flash_set_float                 0x08009d0b   Thumb Code    18  embeddedflash.o(i.embedded_flash_set_float)
    embedded_flash_set_hex                   0x08009d1d   Thumb Code    46  embeddedflash.o(i.embedded_flash_set_hex)
    embedded_flash_set_int16                 0x08009d75   Thumb Code    18  embeddedflash.o(i.embedded_flash_set_int16)
    embedded_flash_set_int32                 0x08009d87   Thumb Code    18  embeddedflash.o(i.embedded_flash_set_int32)
    embedded_flash_set_int64                 0x08009d99   Thumb Code    20  embeddedflash.o(i.embedded_flash_set_int64)
    embedded_flash_set_int8                  0x08009dad   Thumb Code    18  embeddedflash.o(i.embedded_flash_set_int8)
    embedded_flash_set_string                0x08009dc1   Thumb Code    68  embeddedflash.o(i.embedded_flash_set_string)
    embedded_flash_set_uint16                0x08009e51   Thumb Code    18  embeddedflash.o(i.embedded_flash_set_uint16)
    embedded_flash_set_uint32                0x08009e63   Thumb Code    18  embeddedflash.o(i.embedded_flash_set_uint32)
    embedded_flash_set_uint64                0x08009e75   Thumb Code    20  embeddedflash.o(i.embedded_flash_set_uint64)
    embedded_flash_set_uint8                 0x08009e89   Thumb Code    18  embeddedflash.o(i.embedded_flash_set_uint8)
    flash_port_erase                         0x08009e9d   Thumb Code   144  embeddedflash_port.o(i.flash_port_erase)
    flash_port_init                          0x08009f95   Thumb Code     4  embeddedflash_port.o(i.flash_port_init)
    flash_port_read                          0x08009f99   Thumb Code    56  embeddedflash_port.o(i.flash_port_read)
    flash_port_test                          0x08009fd5   Thumb Code   278  embeddedflash_port.o(i.flash_port_test)
    flash_port_write                         0x0800a319   Thumb Code   120  embeddedflash_port.o(i.flash_port_write)
    fputc                                    0x0800a399   Thumb Code    40  usart.o(i.fputc)
    main                                     0x0800a3c5   Thumb Code   234  main.o(i.main)
    Region$$Table$$Base                      0x0800b0e0   Number         0  anon$$obj.o(Region$$Table)
    Region$$Table$$Limit                     0x0800b100   Number         0  anon$$obj.o(Region$$Table)
    SystemCoreClock                          0x20000014   Data           4  system_stm32f10x.o(.data)
    AHBPrescTable                            0x20000018   Data          16  system_stm32f10x.o(.data)
    __stdout                                 0x20000198   Data           4  stdout.o(.data)
    _SEGGER_RTT                              0x2000019c   Data         168  segger_rtt.o(.bss)
    __initial_sp                             0x20001670   Data           0  startup_stm32f10x_hd.o(STACK)



==============================================================================

Memory Map of the image

  Image Entry point : 0x08000131

  Load Region LR_IROM1 (Base: 0x08000000, Size: 0x0000b29c, Max: 0x00080000, ABSOLUTE, COMPRESSED[0x0000b1d8])

    Execution Region ER_IROM1 (Exec base: 0x08000000, Load base: 0x08000000, Size: 0x0000b100, Max: 0x00080000, ABSOLUTE)

    Exec Addr    Load Addr    Size         Type   Attr      Idx    E Section Name        Object

    0x08000000   0x08000000   0x00000130   Data   RO          506    RESET               startup_stm32f10x_hd.o
    0x08000130   0x08000130   0x00000000   Code   RO         4060  * .ARM.Collect$$$$00000000  mc_w.l(entry.o)
    0x08000130   0x08000130   0x00000004   Code   RO         4352    .ARM.Collect$$$$00000001  mc_w.l(entry2.o)
    0x08000134   0x08000134   0x00000004   Code   RO         4355    .ARM.Collect$$$$00000004  mc_w.l(entry5.o)
    0x08000138   0x08000138   0x00000000   Code   RO         4357    .ARM.Collect$$$$00000008  mc_w.l(entry7b.o)
    0x08000138   0x08000138   0x00000000   Code   RO         4359    .ARM.Collect$$$$0000000A  mc_w.l(entry8b.o)
    0x08000138   0x08000138   0x00000008   Code   RO         4360    .ARM.Collect$$$$0000000B  mc_w.l(entry9a.o)
    0x08000140   0x08000140   0x00000004   Code   RO         4367    .ARM.Collect$$$$0000000E  mc_w.l(entry12b.o)
    0x08000144   0x08000144   0x00000000   Code   RO         4362    .ARM.Collect$$$$0000000F  mc_w.l(entry10a.o)
    0x08000144   0x08000144   0x00000000   Code   RO         4364    .ARM.Collect$$$$00000011  mc_w.l(entry11a.o)
    0x08000144   0x08000144   0x00000004   Code   RO         4353    .ARM.Collect$$$$00002712  mc_w.l(entry2.o)
    0x08000148   0x08000148   0x00000024   Code   RO          507    .text               startup_stm32f10x_hd.o
    0x0800016c   0x0800016c   0x00000024   Code   RO         4063    .text               mc_w.l(memcpya.o)
    0x08000190   0x08000190   0x00000024   Code   RO         4065    .text               mc_w.l(memseta.o)
    0x080001b4   0x080001b4   0x0000000e   Code   RO         4067    .text               mc_w.l(strlen.o)
    0x080001c2   0x080001c2   0x0000001c   Code   RO         4069    .text               mc_w.l(strcmp.o)
    0x080001de   0x080001de   0x0000001a   Code   RO         4071    .text               mc_w.l(memcmp.o)
    0x080001f8   0x080001f8   0x000000b0   Code   RO         4336    .text               mf_w.l(fadd.o)
    0x080002a8   0x080002a8   0x00000064   Code   RO         4338    .text               mf_w.l(fmul.o)
    0x0800030c   0x0800030c   0x0000007c   Code   RO         4340    .text               mf_w.l(fdiv.o)
    0x08000388   0x08000388   0x00000012   Code   RO         4342    .text               mf_w.l(fflti.o)
    0x0800039a   0x0800039a   0x0000000a   Code   RO         4344    .text               mf_w.l(ffltui.o)
    0x080003a4   0x080003a4   0x00000026   Code   RO         4346    .text               mf_w.l(f2d.o)
    0x080003ca   0x080003ca   0x00000002   PAD
    0x080003cc   0x080003cc   0x00000014   Code   RO         4348    .text               mf_w.l(cfcmple.o)
    0x080003e0   0x080003e0   0x00000014   Code   RO         4350    .text               mf_w.l(cfrcmple.o)
    0x080003f4   0x080003f4   0x0000002c   Code   RO         4369    .text               mc_w.l(uidiv.o)
    0x08000420   0x08000420   0x00000062   Code   RO         4371    .text               mc_w.l(uldiv.o)
    0x08000482   0x08000482   0x00000000   Code   RO         4373    .text               mc_w.l(iusefp.o)
    0x08000482   0x08000482   0x0000006e   Code   RO         4374    .text               mf_w.l(fepilogue.o)
    0x080004f0   0x080004f0   0x0000014e   Code   RO         4376    .text               mf_w.l(dadd.o)
    0x0800063e   0x0800063e   0x000000e4   Code   RO         4378    .text               mf_w.l(dmul.o)
    0x08000722   0x08000722   0x000000de   Code   RO         4380    .text               mf_w.l(ddiv.o)
    0x08000800   0x08000800   0x00000030   Code   RO         4382    .text               mf_w.l(dfixul.o)
    0x08000830   0x08000830   0x00000030   Code   RO         4384    .text               mf_w.l(cdrcmple.o)
    0x08000860   0x08000860   0x00000024   Code   RO         4386    .text               mc_w.l(init.o)
    0x08000884   0x08000884   0x0000001e   Code   RO         4388    .text               mc_w.l(llshl.o)
    0x080008a2   0x080008a2   0x00000020   Code   RO         4390    .text               mc_w.l(llushr.o)
    0x080008c2   0x080008c2   0x00000024   Code   RO         4392    .text               mc_w.l(llsshr.o)
    0x080008e6   0x080008e6   0x000000ba   Code   RO         4394    .text               mf_w.l(depilogue.o)
    0x080009a0   0x080009a0   0x00000056   Code   RO         4404    .text               mc_w.l(__dczerorl2.o)
    0x080009f6   0x080009f6   0x00000004   Code   RO          150    i.BusFault_Handler  stm32f10x_it.o
    0x080009fa   0x080009fa   0x00000002   Code   RO          151    i.DebugMon_Handler  stm32f10x_it.o
    0x080009fc   0x080009fc   0x0000000c   Code   RO         2405    i.FLASH_ClearFlag   stm32f10x_flash.o
    0x08000a08   0x08000a08   0x0000004c   Code   RO         2410    i.FLASH_ErasePage   stm32f10x_flash.o
    0x08000a54   0x08000a54   0x00000034   Code   RO         2411    i.FLASH_GetBank1Status  stm32f10x_flash.o
    0x08000a88   0x08000a88   0x00000014   Code   RO         2420    i.FLASH_Lock        stm32f10x_flash.o
    0x08000a9c   0x08000a9c   0x0000006c   Code   RO         2425    i.FLASH_ProgramWord  stm32f10x_flash.o
    0x08000b08   0x08000b08   0x00000018   Code   RO         2428    i.FLASH_Unlock      stm32f10x_flash.o
    0x08000b20   0x08000b20   0x00000026   Code   RO         2432    i.FLASH_WaitForLastOperation  stm32f10x_flash.o
    0x08000b46   0x08000b46   0x00000116   Code   RO          518    i.GPIO_Init         stm32f10x_gpio.o
    0x08000c5c   0x08000c5c   0x00000004   Code   RO          526    i.GPIO_SetBits      stm32f10x_gpio.o
    0x08000c60   0x08000c60   0x0000000c   Code   RO         3603    i.HAL_GetTick       embedded_flash_demo_tests.o
    0x08000c6c   0x08000c6c   0x00000004   Code   RO          152    i.HardFault_Handler  stm32f10x_it.o
    0x08000c70   0x08000c70   0x00000060   Code   RO         3604    i.InitSysTick       embedded_flash_demo_tests.o
    0x08000cd0   0x08000cd0   0x00000034   Code   RO         3523    i.LED_Init          led.o
    0x08000d04   0x08000d04   0x00000004   Code   RO          153    i.MemManage_Handler  stm32f10x_it.o
    0x08000d08   0x08000d08   0x00000002   Code   RO          154    i.NMI_Handler       stm32f10x_it.o
    0x08000d0a   0x08000d0a   0x00000002   PAD
    0x08000d0c   0x08000d0c   0x00000070   Code   RO          826    i.NVIC_Init         misc.o
    0x08000d7c   0x08000d7c   0x00000014   Code   RO          827    i.NVIC_PriorityGroupConfig  misc.o
    0x08000d90   0x08000d90   0x00000002   Code   RO          155    i.PendSV_Handler    stm32f10x_it.o
    0x08000d92   0x08000d92   0x00000002   PAD
    0x08000d94   0x08000d94   0x00000020   Code   RO          630    i.RCC_APB2PeriphClockCmd  stm32f10x_rcc.o
    0x08000db4   0x08000db4   0x000000d4   Code   RO          638    i.RCC_GetClocksFreq  stm32f10x_rcc.o
    0x08000e88   0x08000e88   0x00000080   Code   RO          240    i.SEGGER_RTT_PutChar  segger_rtt.o
    0x08000f08   0x08000f08   0x00000002   Code   RO          156    i.SVC_Handler       stm32f10x_it.o
    0x08000f0a   0x08000f0a   0x00000008   Code   RO         3479    i.SetSysClock       system_stm32f10x.o
    0x08000f12   0x08000f12   0x00000002   PAD
    0x08000f14   0x08000f14   0x000000e0   Code   RO         3480    i.SetSysClockTo72   system_stm32f10x.o
    0x08000ff4   0x08000ff4   0x00000028   Code   RO          830    i.SysTick_CLKSourceConfig  misc.o
    0x0800101c   0x0800101c   0x00000010   Code   RO         3605    i.SysTick_Handler   embedded_flash_demo_tests.o
    0x0800102c   0x0800102c   0x0000003c   Code   RO         3547    i.SysTick_Init      systick.o
    0x08001068   0x08001068   0x00000060   Code   RO         3482    i.SystemInit        system_stm32f10x.o
    0x080010c8   0x080010c8   0x0000003c   Code   RO         3576    i.USART1_IRQHandler  usart.o
    0x08001104   0x08001104   0x000000b8   Code   RO         3577    i.USART1_Init       usart.o
    0x080011bc   0x080011bc   0x00000012   Code   RO         1464    i.USART_ClearFlag   stm32f10x_usart.o
    0x080011ce   0x080011ce   0x00000018   Code   RO         1468    i.USART_Cmd         stm32f10x_usart.o
    0x080011e6   0x080011e6   0x0000001a   Code   RO         1471    i.USART_GetFlagStatus  stm32f10x_usart.o
    0x08001200   0x08001200   0x00000054   Code   RO         1472    i.USART_GetITStatus  stm32f10x_usart.o
    0x08001254   0x08001254   0x0000004a   Code   RO         1474    i.USART_ITConfig    stm32f10x_usart.o
    0x0800129e   0x0800129e   0x00000002   PAD
    0x080012a0   0x080012a0   0x000000d8   Code   RO         1475    i.USART_Init        stm32f10x_usart.o
    0x08001378   0x08001378   0x0000000a   Code   RO         1482    i.USART_ReceiveData  stm32f10x_usart.o
    0x08001382   0x08001382   0x00000008   Code   RO         1485    i.USART_SendData    stm32f10x_usart.o
    0x0800138a   0x0800138a   0x00000004   Code   RO          157    i.UsageFault_Handler  stm32f10x_it.o
    0x0800138e   0x0800138e   0x00000002   PAD
    0x08001390   0x08001390   0x00000074   Code   RO          261    i._DoInit           segger_rtt.o
    0x08001404   0x08001404   0x00000020   Code   RO         4308    i.__0printf         mc_w.l(printfa.o)
    0x08001424   0x08001424   0x00000034   Code   RO         4309    i.__0snprintf       mc_w.l(printfa.o)
    0x08001458   0x08001458   0x0000000e   Code   RO         4398    i.__scatterload_copy  mc_w.l(handlers.o)
    0x08001466   0x08001466   0x00000002   Code   RO         4399    i.__scatterload_null  mc_w.l(handlers.o)
    0x08001468   0x08001468   0x0000000e   Code   RO         4400    i.__scatterload_zeroinit  mc_w.l(handlers.o)
    0x08001476   0x08001476   0x00000002   PAD
    0x08001478   0x08001478   0x00000188   Code   RO         3780    i._erase_sector     embeddedflash.o
    0x08001600   0x08001600   0x000003d8   Code   RO         3781    i._execute_gc_operation  embeddedflash.o
    0x080019d8   0x080019d8   0x00000044   Code   RO         3782    i._find_kv_data     embeddedflash.o
    0x08001a1c   0x08001a1c   0x000002f4   Code   RO         3783    i._find_latest_record  embeddedflash.o
    0x08001d10   0x08001d10   0x0000002c   Code   RO         3784    i._find_sector_role  embeddedflash.o
    0x08001d3c   0x08001d3c   0x00000080   Code   RO         3785    i._find_writable_data_sector  embeddedflash.o
    0x08001dbc   0x08001dbc   0x00000184   Code   RO         4315    i._fp_digits        mc_w.l(printfa.o)
    0x08001f40   0x08001f40   0x00000100   Code   RO         3786    i._is_kv_record     embeddedflash.o
    0x08002040   0x08002040   0x00000016   Code   RO         3787    i._is_sector_header  embeddedflash.o
    0x08002056   0x08002056   0x00000002   PAD
    0x08002058   0x08002058   0x000006b4   Code   RO         4316    i._printf_core      mc_w.l(printfa.o)
    0x0800270c   0x0800270c   0x00000024   Code   RO         4317    i._printf_post_padding  mc_w.l(printfa.o)
    0x08002730   0x08002730   0x0000002e   Code   RO         4318    i._printf_pre_padding  mc_w.l(printfa.o)
    0x0800275e   0x0800275e   0x00000002   PAD
    0x08002760   0x08002760   0x000001b0   Code   RO         3788    i._refresh_sector_data  embeddedflash.o
    0x08002910   0x08002910   0x00000040   Code   RO         3789    i._sector_header_read  embeddedflash.o
    0x08002950   0x08002950   0x000001b0   Code   RO         3790    i._sector_header_write  embeddedflash.o
    0x08002b00   0x08002b00   0x00000016   Code   RO         4319    i._snputc           mc_w.l(printfa.o)
    0x08002b16   0x08002b16   0x00000002   PAD
    0x08002b18   0x08002b18   0x00000198   Code   RO         3791    i._startup_init_missing_defaults  embeddedflash.o
    0x08002cb0   0x08002cb0   0x00000036   Code   RO         3792    i._startup_rebuild_sector  embeddedflash.o
    0x08002ce6   0x08002ce6   0x0000007a   Code   RO         3793    i._startup_restore_kv_data  embeddedflash.o
    0x08002d60   0x08002d60   0x00000070   Code   RO         3794    i._startup_restore_sector_attr  embeddedflash.o
    0x08002dd0   0x08002dd0   0x00000030   Code   RO         3795    i._write_record     embeddedflash.o
    0x08002e00   0x08002e00   0x000001c8   Code   RO         3796    i._write_record_to_sector  embeddedflash.o
    0x08002fc8   0x08002fc8   0x0000004a   Code   RO         3797    i.crc16_x25_calculate  embeddedflash.o
    0x08003012   0x08003012   0x00000002   PAD
    0x08003014   0x08003014   0x0000004c   Code   RO         3548    i.delay_ms          systick.o
    0x08003060   0x08003060   0x00000798   Code   RO         3606    i.embedded_flash_demo_basic_test  embedded_flash_demo_tests.o
    0x080037f8   0x080037f8   0x00000348   Code   RO         3607    i.embedded_flash_demo_batch_test  embedded_flash_demo_tests.o
    0x08003b40   0x08003b40   0x000002a0   Code   RO         3608    i.embedded_flash_demo_boundary_test  embedded_flash_demo_tests.o
    0x08003de0   0x08003de0   0x000000ac   Code   RO         3609    i.embedded_flash_demo_data_source_test  embedded_flash_demo_tests.o
    0x08003e8c   0x08003e8c   0x0000069c   Code   RO         3610    i.embedded_flash_demo_data_type_consistency_test  embedded_flash_demo_tests.o
    0x08004528   0x08004528   0x000002a8   Code   RO         3611    i.embedded_flash_demo_error_test  embedded_flash_demo_tests.o
    0x080047d0   0x080047d0   0x000002ec   Code   RO         3612    i.embedded_flash_demo_gc_stress_test  embedded_flash_demo_tests.o
    0x08004abc   0x08004abc   0x00000786   Code   RO         3613    i.embedded_flash_demo_gc_test  embedded_flash_demo_tests.o
    0x08005242   0x08005242   0x00000002   PAD
    0x08005244   0x08005244   0x00000208   Code   RO         3614    i.embedded_flash_demo_performance_test  embedded_flash_demo_tests.o
    0x0800544c   0x0800544c   0x000001f8   Code   RO         3615    i.embedded_flash_demo_power_loss_stress_test  embedded_flash_demo_tests.o
    0x08005644   0x08005644   0x00000c74   Code   RO         3616    i.embedded_flash_demo_power_loss_test  embedded_flash_demo_tests.o
    0x080062b8   0x080062b8   0x000001e8   Code   RO         3617    i.embedded_flash_demo_random_data_test  embedded_flash_demo_tests.o
    0x080064a0   0x080064a0   0x00000780   Code   RO         3618    i.embedded_flash_demo_run_full  embedded_flash_demo_tests.o
    0x08006c20   0x08006c20   0x00000e0c   Code   RO         3619    i.embedded_flash_demo_stress_test  embedded_flash_demo_tests.o
    0x08007a2c   0x08007a2c   0x00000d90   Code   RO         3620    i.embedded_flash_demo_type_safe_api_test  embedded_flash_demo_tests.o
    0x080087bc   0x080087bc   0x000000f8   Code   RO         3621    i.embedded_flash_demo_verify_integrity  embedded_flash_demo_tests.o
    0x080088b4   0x080088b4   0x00000484   Code   RO         3799    i.embedded_flash_gc  embeddedflash.o
    0x08008d38   0x08008d38   0x00000154   Code   RO         3800    i.embedded_flash_get  embeddedflash.o
    0x08008e8c   0x08008e8c   0x00000124   Code   RO         3802    i.embedded_flash_get_status  embeddedflash.o
    0x08008fb0   0x08008fb0   0x0000003e   Code   RO         3622    i.embedded_flash_get_type_size  embedded_flash_demo_tests.o
    0x08008fee   0x08008fee   0x0000003e   Code   RO         3803    i.embedded_flash_get_type_size  embeddedflash.o
    0x0800902c   0x0800902c   0x00000240   Code   RO         3804    i.embedded_flash_init  embeddedflash.o
    0x0800926c   0x0800926c   0x00000460   Code   RO         3805    i.embedded_flash_print_erase_stats  embeddedflash.o
    0x080096cc   0x080096cc   0x00000628   Code   RO         3807    i.embedded_flash_set  embeddedflash.o
    0x08009cf4   0x08009cf4   0x00000016   Code   RO         3808    i.embedded_flash_set_bool  embeddedflash.o
    0x08009d0a   0x08009d0a   0x00000012   Code   RO         3809    i.embedded_flash_set_float  embeddedflash.o
    0x08009d1c   0x08009d1c   0x00000058   Code   RO         3810    i.embedded_flash_set_hex  embeddedflash.o
    0x08009d74   0x08009d74   0x00000012   Code   RO         3811    i.embedded_flash_set_int16  embeddedflash.o
    0x08009d86   0x08009d86   0x00000012   Code   RO         3812    i.embedded_flash_set_int32  embeddedflash.o
    0x08009d98   0x08009d98   0x00000014   Code   RO         3813    i.embedded_flash_set_int64  embeddedflash.o
    0x08009dac   0x08009dac   0x00000012   Code   RO         3814    i.embedded_flash_set_int8  embeddedflash.o
    0x08009dbe   0x08009dbe   0x00000002   PAD
    0x08009dc0   0x08009dc0   0x00000090   Code   RO         3815    i.embedded_flash_set_string  embeddedflash.o
    0x08009e50   0x08009e50   0x00000012   Code   RO         3816    i.embedded_flash_set_uint16  embeddedflash.o
    0x08009e62   0x08009e62   0x00000012   Code   RO         3817    i.embedded_flash_set_uint32  embeddedflash.o
    0x08009e74   0x08009e74   0x00000014   Code   RO         3818    i.embedded_flash_set_uint64  embeddedflash.o
    0x08009e88   0x08009e88   0x00000012   Code   RO         3819    i.embedded_flash_set_uint8  embeddedflash.o
    0x08009e9a   0x08009e9a   0x00000002   PAD
    0x08009e9c   0x08009e9c   0x000000f8   Code   RO         4011    i.flash_port_erase  embeddedflash_port.o
    0x08009f94   0x08009f94   0x00000004   Code   RO         4012    i.flash_port_init   embeddedflash_port.o
    0x08009f98   0x08009f98   0x0000003c   Code   RO         4014    i.flash_port_read   embeddedflash_port.o
    0x08009fd4   0x08009fd4   0x00000344   Code   RO         4015    i.flash_port_test   embeddedflash_port.o
    0x0800a318   0x0800a318   0x00000080   Code   RO         4017    i.flash_port_write  embeddedflash_port.o
    0x0800a398   0x0800a398   0x0000002c   Code   RO         3578    i.fputc             usart.o
    0x0800a3c4   0x0800a3c4   0x0000025c   Code   RO            2    i.main              main.o
    0x0800a620   0x0800a620   0x00000020   Code   RO         3623    i.print_fail        embedded_flash_demo_tests.o
    0x0800a640   0x0800a640   0x00000020   Code   RO         3624    i.print_pass        embedded_flash_demo_tests.o
    0x0800a660   0x0800a660   0x0000004c   Code   RO         3625    i.print_test_end    embedded_flash_demo_tests.o
    0x0800a6ac   0x0800a6ac   0x0000002c   Code   RO         3626    i.print_test_start  embedded_flash_demo_tests.o
    0x0800a6d8   0x0800a6d8   0x00000014   Code   RO         3627    i.test_embedded_flash_init  embedded_flash_demo_tests.o
    0x0800a6ec   0x0800a6ec   0x00000021   Data   RO          267    .constdata          segger_rtt.o
    0x0800a70d   0x0800a70d   0x00000003   PAD
    0x0800a710   0x0800a710   0x0000008c   Data   RO         3628    .constdata          embedded_flash_demo_tests.o
    0x0800a79c   0x0800a79c   0x00000612   Data   RO         3629    .conststring        embedded_flash_demo_tests.o
    0x0800adae   0x0800adae   0x00000002   PAD
    0x0800adb0   0x0800adb0   0x00000287   Data   RO         3821    .conststring        embeddedflash.o
    0x0800b037   0x0800b037   0x00000001   PAD
    0x0800b038   0x0800b038   0x000000a5   Data   RO         4018    .conststring        embeddedflash_port.o
    0x0800b0dd   0x0800b0dd   0x00000003   PAD
    0x0800b0e0   0x0800b0e0   0x00000020   Data   RO         4396    Region$$Table       anon$$obj.o


    Execution Region RW_IRAM1 (Exec base: 0x20000000, Load base: 0x0800b100, Size: 0x00001670, Max: 0x00010000, ABSOLUTE, COMPRESSED[0x000000d8])

    Exec Addr    Load Addr    Size         Type   Attr      Idx    E Section Name        Object

    0x20000000   COMPRESSED   0x00000014   Data   RW          658    .data               stm32f10x_rcc.o
    0x20000014   COMPRESSED   0x00000014   Data   RW         3483    .data               system_stm32f10x.o
    0x20000028   COMPRESSED   0x00000004   Data   RW         3550    .data               systick.o
    0x2000002c   COMPRESSED   0x00000004   PAD
    0x20000030   COMPRESSED   0x00000130   Data   RW         3630    .data               embedded_flash_demo_tests.o
    0x20000160   COMPRESSED   0x00000035   Data   RW         3822    .data               embeddedflash.o
    0x20000195   COMPRESSED   0x00000003   PAD
    0x20000198   COMPRESSED   0x00000004   Data   RW         4368    .data               mc_w.l(stdout.o)
    0x2000019c        -       0x000004b8   Zero   RW          266    .bss                segger_rtt.o
    0x20000654        -       0x0000001c   Zero   RW         3820    .bss                embeddedflash.o
    0x20000670        -       0x00001000   Zero   RW          504    STACK               startup_stm32f10x_hd.o


==============================================================================

Image component sizes


      Code (inc. data)   RO Data    RW Data    ZI Data      Debug   Object Name

     23000      12544       1694        304          0      50229   embedded_flash_demo_tests.o
     10394       3840        647         53         28      28834   embeddedflash.o
      1276        674        165          0          0       4160   embeddedflash_port.o
        52          6          0          0          0        431   led.o
       604        370          0          0          0     241303   main.o
       172         22          0          0          0       2057   misc.o
       244         34         33          0       1208       6043   segger_rtt.o
        36          8        304          0       4096        800   startup_stm32f10x_hd.o
       330         38          0          0          0       5336   stm32f10x_flash.o
       282          0          0          0          0       2495   stm32f10x_gpio.o
        24          0          0          0          0       3044   stm32f10x_it.o
       244         26          0         20          0       3841   stm32f10x_rcc.o
       460          6          0          0          0       6695   stm32f10x_usart.o
       328         28          0         20          0       2029   system_stm32f10x.o
       136         12          0          4          0       1090   systick.o
       288         20          0          0          0       1598   usart.o

    ----------------------------------------------------------------------
     37890      17628       2884        408       5332     359985   Object Totals
         0          0         32          0          0          0   (incl. Generated)
        20          0          9          7          0          0   (incl. Padding)

    ----------------------------------------------------------------------

      Code (inc. data)   RO Data    RW Data    ZI Data      Debug   Library Member Name

        86          0          0          0          0          0   __dczerorl2.o
         0          0          0          0          0          0   entry.o
         0          0          0          0          0          0   entry10a.o
         0          0          0          0          0          0   entry11a.o
         4          0          0          0          0          0   entry12b.o
         8          4          0          0          0          0   entry2.o
         4          0          0          0          0          0   entry5.o
         0          0          0          0          0          0   entry7b.o
         0          0          0          0          0          0   entry8b.o
         8          4          0          0          0          0   entry9a.o
        30          0          0          0          0          0   handlers.o
        36          8          0          0          0         68   init.o
         0          0          0          0          0          0   iusefp.o
        30          0          0          0          0         68   llshl.o
        36          0          0          0          0         68   llsshr.o
        32          0          0          0          0         68   llushr.o
        26          0          0          0          0         80   memcmp.o
        36          0          0          0          0         68   memcpya.o
        36          0          0          0          0        108   memseta.o
      2292         94          0          0          0        620   printfa.o
         0          0          0          4          0          0   stdout.o
        28          0          0          0          0         76   strcmp.o
        14          0          0          0          0         68   strlen.o
        44          0          0          0          0         80   uidiv.o
        98          0          0          0          0         92   uldiv.o
        48          0          0          0          0         68   cdrcmple.o
        20          0          0          0          0         68   cfcmple.o
        20          0          0          0          0         68   cfrcmple.o
       334          0          0          0          0        148   dadd.o
       222          0          0          0          0        100   ddiv.o
       186          0          0          0          0        176   depilogue.o
        48          0          0          0          0         68   dfixul.o
       228          0          0          0          0         96   dmul.o
        38          0          0          0          0         68   f2d.o
       176          0          0          0          0        140   fadd.o
       124          0          0          0          0         88   fdiv.o
       110          0          0          0          0        168   fepilogue.o
        18          0          0          0          0         68   fflti.o
        10          0          0          0          0         68   ffltui.o
       100          0          0          0          0         76   fmul.o

    ----------------------------------------------------------------------
      4538        110          0          4          0       2932   Library Totals
         8          0          0          0          0          0   (incl. Padding)

    ----------------------------------------------------------------------

      Code (inc. data)   RO Data    RW Data    ZI Data      Debug   Library Name

      2848        110          0          4          0       1464   mc_w.l
      1682          0          0          0          0       1468   mf_w.l

    ----------------------------------------------------------------------
      4538        110          0          4          0       2932   Library Totals

    ----------------------------------------------------------------------

==============================================================================


      Code (inc. data)   RO Data    RW Data    ZI Data      Debug   

     42428      17738       2884        412       5332     356129   Grand Totals
     42428      17738       2884        216       5332     356129   ELF Image Totals (compressed)
     42428      17738       2884        216          0          0   ROM Totals

==============================================================================

    Total RO  Size (Code + RO Data)                45312 (  44.25kB)
    Total RW  Size (RW Data + ZI Data)              5744 (   5.61kB)
    Total ROM Size (Code + RO Data + RW Data)      45528 (  44.46kB)

==============================================================================

