<html>
<body>
<pre>
<h1>µVision Build Log</h1>
<h2>Tool Versions:</h2>
IDE-Version: ¦ÌVision V5.34.0.0
Copyright (C) 2021 ARM Ltd and ARM Germany GmbH. All rights reserved.
License Information: 1 1, 1, LIC=GMZI6-DZ4V1-GK0BG-VZ97T-NK0D1-W0BPV
 
Tool Versions:
Toolchain:       MDK-ARM Plus  Version: 5.34.0.0
Toolchain Path:  d:\Keil_v5\ARM\ARMCC\Bin
C Compiler:      Armcc.exe V5.06 update 7 (build 960)
Assembler:       Armasm.exe V5.06 update 7 (build 960)
Linker/Locator:  ArmLink.exe V5.06 update 7 (build 960)
Library Manager: ArmAr.exe V5.06 update 7 (build 960)
Hex Converter:   FromElf.exe V5.06 update 7 (build 960)
CPU DLL:         SARMCM3.DLL V5.34.0.0
Dialog DLL:      DCM.DLL V1.17.3.0
Target DLL:      Segger\JL2CM3.dll V2.99.38.0
Dialog DLL:      TCM.DLL V1.48.0.0
 
<h2>Project:</h2>
E:\´æ´¢\stm32f103zet6\Template.uvprojx
Project File Date:  10/21/2025

<h2>Output:</h2>
*** Using Compiler 'V5.06 update 7 (build 960)', folder: 'd:\Keil_v5\ARM\ARMCC\Bin'
Build target 'Target 1'
compiling EmbeddedFlash.c...
APP\flash\EmbeddedFlash.c(276): warning:  #177-D: variable "status_table"  was declared but never referenced
      uint8_t status_table[KV_STATUS_TABLE_SIZE];
APP\flash\EmbeddedFlash.c(593): warning:  #111-D: statement is unreachable
          return -1;
APP\flash\EmbeddedFlash.c(602): warning:  #111-D: statement is unreachable
              return -1;
APP\flash\EmbeddedFlash.c(716): warning:  #111-D: statement is unreachable
          return -1;
APP\flash\EmbeddedFlash.c(869): warning:  #111-D: statement is unreachable
                                  return -1;
APP\flash\EmbeddedFlash.c(875): warning:  #111-D: statement is unreachable
                                  return -1;
APP\flash\EmbeddedFlash.c(886): warning:  #111-D: statement is unreachable
                                      return -1;
APP\flash\EmbeddedFlash.c(1187): warning:  #111-D: statement is unreachable
                  return -1;
APP\flash\EmbeddedFlash.c(1230): warning:  #111-D: statement is unreachable
                                  return -1;
APP\flash\EmbeddedFlash.c(1264): warning:  #111-D: statement is unreachable
          return -1;
APP\flash\EmbeddedFlash.c(1297): warning:  #111-D: statement is unreachable
          return -1;
APP\flash\EmbeddedFlash.c(1427): warning:  #111-D: statement is unreachable
      return -1;
APP\flash\EmbeddedFlash.c(1507): warning:  #111-D: statement is unreachable
                          return -1;
APP\flash\EmbeddedFlash.c(1513): warning:  #111-D: statement is unreachable
                          return -1;
APP\flash\EmbeddedFlash.c(1651): warning:  #111-D: statement is unreachable
                  return -1;
APP\flash\EmbeddedFlash.c(1661): warning:  #111-D: statement is unreachable
                  return -1;
APP\flash\EmbeddedFlash.c(1690): warning:  #111-D: statement is unreachable
      return -1;
APP\flash\EmbeddedFlash.c(1748): warning:  #188-D: enumerated type mixed with another type
  	return status; // å…œåº•
APP\flash\EmbeddedFlash.c(166): warning:  #177-D: function "_kv_set_status"  was declared but never referenced
  static size_t _kv_set_status(uint8_t status_table[], size_t status_index)
APP\flash\EmbeddedFlash.c(199): warning:  #177-D: function "_kv_read_status"  was declared but never referenced
  static size_t _kv_read_status(uint32_t addr, uint8_t status_table[])
APP\flash\EmbeddedFlash.c(215): warning:  #177-D: function "_kv_write_record"  was declared but never referenced
  static FlashErrCode _kv_write_record(uint32_t addr, const KV_Record *kv_record)
APP\flash\EmbeddedFlash.c(273): warning:  #177-D: function "_kv_read_record"  was declared but never referenced
  static FlashErrCode _kv_read_record(uint32_t addr, KV_Record *kv_record, EmbeddedFlash_record_status_e *status)
APP\flash\EmbeddedFlash.c(302): warning:  #177-D: function "_kv_recovery_record"  was declared but never referenced
  static FlashErrCode _kv_recovery_record(uint32_t addr, const KV_Record *kv_record, EmbeddedFlash_record_status_e status)
APP\flash\EmbeddedFlash.c: 23 warnings, 0 errors
compiling embedded_flash_demo_tests.c...
APP\flash\embedded_flash_demo_tests.c(1921): warning:  #870-D: invalid multibyte character sequence
  	printf("âš? Power loss simulation: Reinitializing flash system...\n");
APP\flash\embedded_flash_demo_tests.c: 1 warning, 0 errors
linking...
Program Size: Code=42412 RO-data=2816 RW-data=412 ZI-data=5332  
FromELF: creating hex file...
".\Obj\Template.axf" - 0 Error(s), 24 Warning(s).

<h2>Software Packages used:</h2>

Package Vendor: Keil
                http://www.keil.com/pack/Keil.STM32F1xx_DFP.1.0.5.pack
                Keil.STM32F1xx_DFP.1.0.5
                STMicroelectronics STM32F1 Series Device Support, Drivers and Examples

<h2>Collection of Component include folders:</h2>
  d:\Keil_v5\ARM\PACK\Keil\STM32F1xx_DFP\1.0.5\Device\Include

<h2>Collection of Component Files used:</h2>
Build Time Elapsed:  00:00:01
</pre>
</body>
</html>
